 center_client

 Timestamp is 5d0111bb (Wed Jun 12 22:52:43 2019)

 Preferred load address is 0000000180000000

 Start         Length     Name                   Class
 0001:00000000 00000040H .text$di                CODE
 0001:00000040 000172a0H .text$mn                CODE
 0001:000172e0 00000020H .text$mn$00             CODE
 0001:00017300 000004e0H .text$x                 CODE
 0001:000177e0 0000000cH .text$yd                CODE
 0002:00000000 000002b8H .idata$5                DATA
 0002:000002b8 00000010H .00cfg                  DATA
 0002:000002c8 00000008H .CRT$XCA                DATA
 0002:000002d0 00000010H .CRT$XCU                DATA
 0002:000002e0 00000008H .CRT$XCZ                DATA
 0002:000002e8 00000008H .CRT$XIA                DATA
 0002:000002f0 00000018H .CRT$XIC                DATA
 0002:00000308 00000008H .CRT$XIZ                DATA
 0002:00000310 00000008H .CRT$XPA                DATA
 0002:00000318 00000010H .CRT$XPX                DATA
 0002:00000328 00000008H .CRT$XPXA               DATA
 0002:00000330 00000008H .CRT$XPZ                DATA
 0002:00000338 00000008H .CRT$XTA                DATA
 0002:00000340 00000010H .CRT$XTZ                DATA
 0002:00000348 00000000H .gfids$y                DATA
 0002:00000350 00008440H .rdata                  DATA
 0002:00008790 0000037cH .rdata$r                DATA
 0002:00008b0c 000003e4H .rdata$zzzdbg           DATA
 0002:00008ef0 00000008H .rtc$IAA                DATA
 0002:00008ef8 00000008H .rtc$IZZ                DATA
 0002:00008f00 00000008H .rtc$TAA                DATA
 0002:00008f08 00000008H .rtc$TZZ                DATA
 0002:00008f10 000017e8H .xdata                  DATA
 0002:0000a6f8 000002c4H .xdata$x                DATA
 0002:0000a9bc 00000020H .didat$2                DATA
 0002:0000a9dc 00000024H .didat$3                DATA
 0002:0000aa00 00000118H .didat$4                DATA
 0002:0000ab18 00000338H .didat$6                DATA
 0002:0000ae50 00000120H .didat$7                DATA
 0002:0000af70 00000064H .edata                  DATA
 0002:0000afd4 00000028H .idata$2                DATA
 0002:0000affc 00000014H .idata$3                DATA
 0002:0000b010 000002b8H .idata$4                DATA
 0002:0000b2c8 0000061cH .idata$6                DATA
 0003:00000000 00000a88H .data                   DATA
 0003:00000a88 000001d0H .data$r                 DATA
 0003:00000c58 00000118H .didat$5                DATA
 0003:00000d70 00101244H .bss                    DATA
 0004:00000000 000016ecH .pdata                  DATA
 0005:00000000 00000060H .rsrc$01                DATA
 0005:00000060 00000180H .rsrc$02                DATA

  Address         Publics by Value              Rva+Base               Lib:Object

 0000:00000000       __hybrid_code_map_count    0000000000000000     <absolute>
 0000:00000000       __hybrid_code_map          0000000000000000     <absolute>
 0000:00000000       __guard_iat_count          0000000000000000     <absolute>
 0000:00000000       __guard_longjmp_count      0000000000000000     <absolute>
 0000:00000000       __guard_longjmp_table      0000000000000000     <absolute>
 0000:00000000       __volatile_metadata        0000000000000000     <absolute>
 0000:00000000       __guard_iat_table          0000000000000000     <absolute>
 0000:00000000       __guard_fids_count         0000000000000000     <absolute>
 0000:00000000       ___safe_se_handler_count   0000000000000000     <absolute>
 0000:00000000       __enclave_config           0000000000000000     <absolute>
 0000:00000000       ___safe_se_handler_table   0000000000000000     <absolute>
 0000:00000000       __guard_fids_table         0000000000000000     <absolute>
 0000:00000000       __hybrid_auxiliary_iat     0000000000000000     <absolute>
 0000:00000000       __dynamic_value_reloc_table 0000000000000000     <absolute>
 0000:00000100       __guard_flags              0000000000000100     <absolute>
 0000:00000000       __ImageBase                0000000180000000     <linker-defined>
 0001:00000040       __local_stdio_printf_options 0000000180001040 f i main.obj
 0001:00000050       printf                     0000000180001050 f i main.obj
 0001:000000b0       sprintf                    00000001800010b0 f i main.obj
 0001:00000110       ??0exception@stdext@@QEAA@AEBV01@@Z 0000000180001110 f i main.obj
 0001:00000130       ?what@exception@stdext@@UEBAPEBDXZ 0000000180001130 f i main.obj
 0001:00000150       ?_Doraise@exception@stdext@@MEBAXXZ 0000000180001150 f i main.obj
 0001:00000150       ?HandleMessageResult@@YAXIHHH@Z 0000000180001150 f i main.obj
 0001:00000150       _guard_check_icall_nop     0000000180001150 f i LIBCMT:guard_support.obj
 0001:00000160       ??_Eexception@stdext@@UEAAPEAXI@Z 0000000180001160 f i * CIL library *:* CIL module *
 0001:00000160       ??_Gexception@stdext@@UEAAPEAXI@Z 0000000180001160 f i main.obj
 0001:00000190       ??BEnv@Napi@@QEBAPEAUnapi_env__@@XZ 0000000180001190 f i main.obj
 0001:000001a0       ??1Error@Napi@@UEAA@XZ     00000001800011a0 f i main.obj
 0001:00000230       ?Type@Value@Napi@@QEBA?AW4napi_valuetype@@XZ 0000000180001230 f i main.obj
 0001:000002b0       ?New@Number@Napi@@SA?AV12@PEAUnapi_env__@@N@Z 00000001800012b0 f i main.obj
 0001:00000340       ?Utf8Value@String@Napi@@QEBA?AV?$basic_string@DU?$char_traits@D@std@@V?$allocator@D@2@@std@@XZ 0000000180001340 f i main.obj
 0001:000004d0       ?New@Error@Napi@@SA?AV12@PEAUnapi_env__@@@Z 00000001800014d0 f i main.obj
 0001:000006d0       ??_EError@Napi@@UEAAPEAXI@Z 00000001800016d0 f i * CIL library *:* CIL module *
 0001:000006d0       ??_GError@Napi@@UEAAPEAXI@Z 00000001800016d0 f i main.obj
 0001:00000710       ??0Error@Napi@@QEAA@AEBV01@@Z 0000000180001710 f i main.obj
 0001:00000890       ?Message@Error@Napi@@QEBAAEBV?$basic_string@DU?$char_traits@D@std@@V?$allocator@D@2@@std@@XZ 0000000180001890 f i main.obj
 0001:00000b20       ?ThrowAsJavaScriptException@Error@Napi@@QEBAXXZ 0000000180001b20 f i main.obj
 0001:00000c30       ?what@Error@Napi@@UEBAPEBDXZ 0000000180001c30 f i main.obj
 0001:00000c50       ??0ObjectReference@Napi@@IEAA@AEBV01@@Z 0000000180001c50 f i main.obj
 0001:00000d90       ??1CallbackInfo@Napi@@QEAA@XZ 0000000180001d90 f i main.obj
 0001:00000da0       ??ACallbackInfo@Napi@@QEBA?BVValue@1@_K@Z 0000000180001da0 f i main.obj
 0001:00000e70       ??1HandleScope@Napi@@QEAA@XZ 0000000180001e70 f i main.obj
 0001:00000e80       ??1EscapableHandleScope@Napi@@QEAA@XZ 0000000180001e80 f i main.obj
 0001:00000e90       ?PushCoreMessage@@YAXIHPEBXH@Z 0000000180001e90 f   main.obj
 0001:00000f40       ?CallJsCallback@@YAXAEBVEnv@Napi@@AEBVObject@2@AEBVFunction@2@IHPEBD@Z 0000000180001f40 f   main.obj
 0001:000010e0       ?ProcessCoreMessage@@YAXAEBVEnv@Napi@@AEBVObject@2@AEBVFunction@2@@Z 00000001800020e0 f   main.obj
 0001:00001400       ?JsCoreQueryServiceName@@YA?AVValue@Napi@@AEBVCallbackInfo@2@@Z 0000000180002400 f   main.obj
 0001:000015b0       ?JsCoreQueryServiceHandle@@YA?AVValue@Napi@@AEBVCallbackInfo@2@@Z 00000001800025b0 f   main.obj
 0001:000017a0       ?JsCoreGetServiceName@@YA?AVValue@Napi@@AEBVCallbackInfo@2@@Z 00000001800027a0 f   main.obj
 0001:00001890       ?JsSendCoreMessageByHandle@@YA?AVValue@Napi@@AEBVCallbackInfo@2@@Z 0000000180002890 f   main.obj
 0001:00001ad0       ?JsSendCoreMessageByName@@YA?AVValue@Napi@@AEBVCallbackInfo@2@@Z 0000000180002ad0 f   main.obj
 0001:00001de0       ?JsCoreQueryConfig@@YA?AVValue@Napi@@AEBVCallbackInfo@2@@Z 0000000180002de0 f   main.obj
 0001:000020b0       ?JsSendCoreCommandByHandle@@YA?AVValue@Napi@@AEBVCallbackInfo@2@@Z 00000001800030b0 f   main.obj
 0001:000022e0       ?JsSendCoreCommandByName@@YA?AVValue@Napi@@AEBVCallbackInfo@2@@Z 00000001800032e0 f   main.obj
 0001:000025d0       ?JsCoreStart@@YA?AVValue@Napi@@AEBVCallbackInfo@2@@Z 00000001800035d0 f   main.obj
 0001:00002800       ?JsCoreProcessMessage@@YA?AVValue@Napi@@AEBVCallbackInfo@2@@Z 0000000180003800 f   main.obj
 0001:00002970       ?JsCoreQuit@@YA?AVValue@Napi@@AEBVCallbackInfo@2@@Z 0000000180003970 f   main.obj
 0001:00002a40       ?HandleNameHandleChanged@@YAXHPEBDH@Z 0000000180003a40 f   main.obj
 0001:00002b50       ?HandleMessage@@YAXIHHPEBXH@Z 0000000180003b50 f   main.obj
 0001:00002b70       ?HandleCommand@@YAXHHPEBD@Z 0000000180003b70 f   main.obj
 0001:00002bd0       ?CenterClientTheadProcess@@YAXPEAX@Z 0000000180003bd0 f   main.obj
 0001:00002c00       ?Init@@YA?AVObject@Napi@@VEnv@2@V12@@Z 0000000180003c00 f   main.obj
 0001:00003240       ?__napi_Init@@YAPEAUnapi_value__@@PEAUnapi_env__@@PEAU1@@Z 0000000180004240 f   main.obj
 0001:000032b0       ?reserve@?$basic_string@DU?$char_traits@D@std@@V?$allocator@D@2@@std@@QEAAX_K@Z 00000001800042b0 f i main.obj
 0001:00003470       ??1?$basic_string@DU?$char_traits@D@std@@V?$allocator@D@2@@std@@QEAA@XZ 0000000180004470 f i main.obj
 0001:000034d0       ??0?$Reference@VObject@Napi@@@Napi@@IEAA@AEBV01@@Z 00000001800044d0 f i main.obj
 0001:00003610       ??$WrapCallback@V<lambda_8c7377a71108815b2eee34f099f4cb99>@@@details@Napi@@YAPEAUnapi_value__@@V<lambda_8c7377a71108815b2eee34f099f4cb99>@@@Z 0000000180004610 f i main.obj
 0001:00003660       ?put@?$kfifo@D@@QEAA_NPEBDI@Z 0000000180004660 f i main.obj
 0001:00003730       ??$New@P6A?AVValue@Napi@@AEBVCallbackInfo@2@@Z@Function@Napi@@SA?AV01@PEAUnapi_env__@@P6A?AVValue@1@AEBVCallbackInfo@1@@ZPEBDPEAX@Z 0000000180004730 f i main.obj
 0001:000038b0       ??$_Reallocate_grow_by@V<lambda_e1befb086ad3257e3f042a63030725f7>@@_KD@?$basic_string@DU?$char_traits@D@std@@V?$allocator@D@2@@std@@QEAAAEAV01@_KV<lambda_e1befb086ad3257e3f042a63030725f7>@@_KD@Z 00000001800048b0 f i main.obj
 0001:00003a20       ?Wrapper@?$CallbackData@P6A?AVValue@Napi@@AEBVCallbackInfo@2@@ZV12@@details@Napi@@SAPEAUnapi_value__@@PEAUnapi_env__@@PEAUnapi_callback_info__@@@Z 0000000180004a20 f i main.obj
 0001:00003a60       ?_Xlen@?$basic_string@DU?$char_traits@D@std@@V?$allocator@D@2@@std@@SAXXZ 0000000180004a60 f i main.obj
 0001:00003a80       ??$WrapCallback@V<lambda_4b130013be4a466940e6fe08d32cda83>@@@details@Napi@@YAPEAUnapi_value__@@V<lambda_4b130013be4a466940e6fe08d32cda83>@@@Z 0000000180004a80 f i main.obj
 0001:00003cac       __imp_load_napi_create_function 0000000180004cac f   node:node.exe
 0001:00003cb8       __tailMerge_node_exe       0000000180004cb8     node:node.exe
 0001:00003d31       __imp_load_napi_open_handle_scope 0000000180004d31 f   node:node.exe
 0001:00003d3d       __imp_load_napi_get_last_error_info 0000000180004d3d f   node:node.exe
 0001:00003d49       __imp_load_napi_create_error 0000000180004d49 f   node:node.exe
 0001:00003d55       __imp_load_napi_call_function 0000000180004d55 f   node:node.exe
 0001:00003d61       __imp_load_napi_get_null   0000000180004d61 f   node:node.exe
 0001:00003d6d       __imp_load_napi_delete_reference 0000000180004d6d f   node:node.exe
 0001:00003d79       __imp_load_uv_thread_create 0000000180004d79 f   node:node.exe
 0001:00003d85       __imp_load_napi_fatal_error 0000000180004d85 f   node:node.exe
 0001:00003d91       __imp_load_napi_is_exception_pending 0000000180004d91 f   node:node.exe
 0001:00003d9d       __imp_load_napi_create_symbol 0000000180004d9d f   node:node.exe
 0001:00003da9       __imp_load_napi_get_value_string_utf8 0000000180004da9 f   node:node.exe
 0001:00003db5       __imp_load_napi_close_escapable_handle_scope 0000000180004db5 f   node:node.exe
 0001:00003dc1       __imp_load_napi_escape_handle 0000000180004dc1 f   node:node.exe
 0001:00003dcd       __imp_load_napi_create_type_error 0000000180004dcd f   node:node.exe
 0001:00003dd9       __imp_load_napi_create_external 0000000180004dd9 f   node:node.exe
 0001:00003de5       __imp_load_napi_create_string_utf8 0000000180004de5 f   node:node.exe
 0001:00003df1       __imp_load_napi_module_register 0000000180004df1 f   node:node.exe
 0001:00003dfd       __imp_load_uv_thread_join  0000000180004dfd f   node:node.exe
 0001:00003e09       __imp_load_napi_get_named_property 0000000180004e09 f   node:node.exe
 0001:00003e15       __imp_load_napi_define_properties 0000000180004e15 f   node:node.exe
 0001:00003e21       __imp_load_napi_typeof     0000000180004e21 f   node:node.exe
 0001:00003e2d       __imp_load_napi_throw      0000000180004e2d f   node:node.exe
 0001:00003e39       __imp_load_napi_get_value_uint32 0000000180004e39 f   node:node.exe
 0001:00003e45       __imp_load_napi_get_value_int32 0000000180004e45 f   node:node.exe
 0001:00003e51       __imp_load_napi_get_and_clear_last_exception 0000000180004e51 f   node:node.exe
 0001:00003e5d       __imp_load_napi_get_undefined 0000000180004e5d f   node:node.exe
 0001:00003e69       __imp_load_napi_set_property 0000000180004e69 f   node:node.exe
 0001:00003e75       __imp_load_napi_get_cb_info 0000000180004e75 f   node:node.exe
 0001:00003e81       __imp_load_napi_open_escapable_handle_scope 0000000180004e81 f   node:node.exe
 0001:00003e8d       __imp_load_napi_create_reference 0000000180004e8d f   node:node.exe
 0001:00003e99       __imp_load_napi_close_handle_scope 0000000180004e99 f   node:node.exe
 0001:00003ea5       __imp_load_napi_create_double 0000000180004ea5 f   node:node.exe
 0001:00003eb1       __imp_load_napi_get_reference_value 0000000180004eb1 f   node:node.exe
 0001:00003ec0       ??0bad_alloc@std@@QEAA@AEBV01@@Z 0000000180004ec0 f i libcpmt:xthrow.obj
 0001:00003f00       ??0bad_alloc@std@@QEAA@XZ  0000000180004f00 f i libcpmt:xthrow.obj
 0001:00003f20       ??0exception@std@@QEAA@AEBV01@@Z 0000000180004f20 f i libcpmt:xthrow.obj
 0001:00003f58       ??0length_error@std@@QEAA@AEBV01@@Z 0000000180004f58 f i libcpmt:xthrow.obj
 0001:00003f98       ??0length_error@std@@QEAA@PEBD@Z 0000000180004f98 f i libcpmt:xthrow.obj
 0001:00003fe4       ??0logic_error@std@@QEAA@AEBV01@@Z 0000000180004fe4 f i libcpmt:xthrow.obj
 0001:00004024       ??1bad_exception@std@@UEAA@XZ 0000000180005024 f i libvcruntime:frame.obj
 0001:00004024       ??1length_error@std@@UEAA@XZ 0000000180005024 f i libcpmt:xthrow.obj
 0001:00004024       ??1bad_alloc@std@@UEAA@XZ  0000000180005024 f i libcpmt:xthrow.obj
 0001:00004024       ??1bad_array_new_length@std@@UEAA@XZ 0000000180005024 f i LIBCMT:throw_bad_alloc.obj
 0001:00004038       ??_Glogic_error@std@@UEAAPEAXI@Z 0000000180005038 f i libcpmt:xthrow.obj
 0001:00004038       ??_Gbad_exception@std@@UEAAPEAXI@Z 0000000180005038 f i libvcruntime:frame.obj
 0001:00004038       ??_Elogic_error@std@@UEAAPEAXI@Z 0000000180005038 f i libcpmt:xthrow.obj
 0001:00004038       ??_Gbad_array_new_length@std@@UEAAPEAXI@Z 0000000180005038 f i LIBCMT:throw_bad_alloc.obj
 0001:00004038       ??_Gexception@std@@UEAAPEAXI@Z 0000000180005038 f i libcpmt:xthrow.obj
 0001:00004038       ??_Ebad_array_new_length@std@@UEAAPEAXI@Z 0000000180005038 f i LIBCMT:throw_bad_alloc.obj
 0001:00004038       ??_Ebad_exception@std@@UEAAPEAXI@Z 0000000180005038 f i libvcruntime:frame.obj
 0001:00004038       ??_Elength_error@std@@UEAAPEAXI@Z 0000000180005038 f i libcpmt:xthrow.obj
 0001:00004038       ??_Glength_error@std@@UEAAPEAXI@Z 0000000180005038 f i libcpmt:xthrow.obj
 0001:00004038       ??_Ebad_alloc@std@@UEAAPEAXI@Z 0000000180005038 f i libcpmt:xthrow.obj
 0001:00004038       ??_Gbad_alloc@std@@UEAAPEAXI@Z 0000000180005038 f i libcpmt:xthrow.obj
 0001:00004038       ??_Eexception@std@@UEAAPEAXI@Z 0000000180005038 f i libcpmt:xthrow.obj
 0001:0000407c       ?_Xlength_error@std@@YAXPEBD@Z 000000018000507c f   libcpmt:xthrow.obj
 0001:000040a0       ?what@exception@std@@UEBAPEBDXZ 00000001800050a0 f i libcpmt:xthrow.obj
 0001:000040d0       __security_check_cookie    00000001800050d0 f   LIBCMT:amdsecgs.obj
 0001:000040f4       ??3@YAXPEAX_K@Z            00000001800050f4 f   LIBCMT:delete_scalar_size.obj
 0001:000040f4       ??_V@YAXPEAX@Z             00000001800050f4 f   LIBCMT:delete_array.obj
 0001:000040fc       ??2@YAPEAX_K@Z             00000001800050fc f   LIBCMT:new_scalar.obj
 0001:00004138       __scrt_acquire_startup_lock 0000000180005138 f   LIBCMT:utility.obj
 0001:00004174       __scrt_dllmain_after_initialize_c 0000000180005174 f   LIBCMT:utility.obj
 0001:000041a8       __scrt_dllmain_before_initialize_c 00000001800051a8 f   LIBCMT:utility.obj
 0001:000041c0       __scrt_dllmain_crt_thread_attach 00000001800051c0 f   LIBCMT:utility.obj
 0001:000041e8       __scrt_dllmain_crt_thread_detach 00000001800051e8 f   LIBCMT:utility.obj
 0001:00004200       __scrt_dllmain_exception_filter 0000000180005200 f   LIBCMT:utility.obj
 0001:00004260       __scrt_dllmain_uninitialize_c 0000000180005260 f   LIBCMT:utility.obj
 0001:00004290       __scrt_dllmain_uninitialize_critical 0000000180005290 f   LIBCMT:utility.obj
 0001:000042a4       __scrt_initialize_crt      00000001800052a4 f   LIBCMT:utility.obj
 0001:000042f0       __scrt_initialize_onexit_tables 00000001800052f0 f   LIBCMT:utility.obj
 0001:000043c8       __scrt_is_nonwritable_in_current_image 00000001800053c8 f   LIBCMT:utility.obj
 0001:00004464       __scrt_release_startup_lock 0000000180005464 f   LIBCMT:utility.obj
 0001:00004488       __scrt_uninitialize_crt    0000000180005488 f   LIBCMT:utility.obj
 0001:000044b4       _onexit                    00000001800054b4 f   LIBCMT:utility.obj
 0001:00004504       atexit                     0000000180005504 f   LIBCMT:utility.obj
 0001:0000451c       ??_U@YAPEAX_K@Z            000000018000551c f   LIBCMT:new_array.obj
 0001:00004524       ??_Etype_info@@UEAAPEAXI@Z 0000000180005524 f i LIBCMT:std_type_info_static.obj
 0001:00004524       ??_Gtype_info@@UEAAPEAXI@Z 0000000180005524 f i LIBCMT:std_type_info_static.obj
 0001:00004880       _DllMainCRTStartup         0000000180005880 f   LIBCMT:dll_dllmain.obj
 0001:000048c0       __raise_securityfailure    00000001800058c0 f   LIBCMT:gs_report.obj
 0001:000048f4       __report_gsfailure         00000001800058f4 f   LIBCMT:gs_report.obj
 0001:000049c8       __report_rangecheckfailure 00000001800059c8 f   LIBCMT:gs_report.obj
 0001:000049dc       __report_securityfailure   00000001800059dc f   LIBCMT:gs_report.obj
 0001:00004b5c       ??3@YAXPEAX@Z              0000000180005b5c f   LIBCMT:delete_scalar.obj
 0001:00004b64       ??0bad_array_new_length@std@@QEAA@AEBV01@@Z 0000000180005b64 f i LIBCMT:throw_bad_alloc.obj
 0001:00004ba4       ??0bad_array_new_length@std@@QEAA@XZ 0000000180005ba4 f i LIBCMT:throw_bad_alloc.obj
 0001:00004bc4       ?__scrt_throw_std_bad_alloc@@YAXXZ 0000000180005bc4 f   LIBCMT:throw_bad_alloc.obj
 0001:00004be4       ?__scrt_throw_std_bad_array_new_length@@YAXXZ 0000000180005be4 f   LIBCMT:throw_bad_alloc.obj
 0001:00004c04       __isa_available_init       0000000180005c04 f   LIBCMT:cpu_disp.obj
 0001:00004dc0       DllMain                    0000000180005dc0 f   LIBCMT:dll_dllmain_stub.obj
 0001:00004dc0       _get_startup_argv_mode     0000000180005dc0 f   LIBCMT:argv_mode.obj
 0001:00004dc8       __scrt_is_ucrt_dll_in_use  0000000180005dc8 f   LIBCMT:ucrt_detection.obj
 0001:00004dd4       __crt_debugger_hook        0000000180005dd4 f   LIBCMT:utility_desktop.obj
 0001:00004ddc       __scrt_fastfail            0000000180005ddc f   LIBCMT:utility_desktop.obj
 0001:00004f28       __security_init_cookie     0000000180005f28 f   LIBCMT:gs_support.obj
 0001:00004fd4       ?__scrt_initialize_type_info@@YAXXZ 0000000180005fd4 f   LIBCMT:tncleanup.obj
 0001:00004fe4       ?__scrt_uninitialize_type_info@@YAXXZ 0000000180005fe4 f   LIBCMT:tncleanup.obj
 0001:00004ff0       __local_stdio_scanf_options 0000000180005ff0 f i LIBCMT:default_local_stdio_options.obj
 0001:00004ff8       __scrt_initialize_default_local_stdio_options 0000000180005ff8 f   LIBCMT:default_local_stdio_options.obj
 0001:00005014       __scrt_get_dyn_tls_init_callback 0000000180006014 f   LIBCMT:dyn_tls_init.obj
 0001:0000501c       _RTC_Initialize            000000018000601c f   LIBCMT:initsect.obj
 0001:00005058       _RTC_Terminate             0000000180006058 f   LIBCMT:initsect.obj
 0001:000050a0       ??$_CallSETranslator@V__FrameHandler3@@@@YAHPEAUEHExceptionRecord@@PEA_KPEAU_CONTEXT@@PEAU_xDISPATCHER_CONTEXT@@PEBU_s_FuncInfo@@K1@Z 00000001800060a0 f i libvcruntime:risctrnsctrl.obj
 0001:000050f4       ?CatchTryBlock@__FrameHandler3@@SAPEBU_s_TryBlockMapEntry@@PEBU_s_FuncInfo@@H@Z 00000001800060f4 f   libvcruntime:risctrnsctrl.obj
 0001:0000514c       ?ExecutionInCatch@__FrameHandler3@@SA_NPEAU_xDISPATCHER_CONTEXT@@PEBU_s_FuncInfo@@@Z 000000018000614c f   libvcruntime:risctrnsctrl.obj
 0001:00005178       ?FrameUnwindToEmptyState@__FrameHandler3@@SAXPEA_KPEAU_xDISPATCHER_CONTEXT@@PEBU_s_FuncInfo@@@Z 0000000180006178 f   libvcruntime:risctrnsctrl.obj
 0001:000051dc       ?GetEstablisherFrame@__FrameHandler3@@SAPEA_KPEA_KPEAU_xDISPATCHER_CONTEXT@@PEBU_s_FuncInfo@@0@Z 00000001800061dc f   libvcruntime:risctrnsctrl.obj
 0001:000052a8       ?GetRangeOfTrysToCheck@__FrameHandler3@@SA?AU?$pair@Viterator@TryBlockMap@__FrameHandler3@@V123@@std@@AEAVTryBlockMap@1@HH@Z 00000001800062a8 f   libvcruntime:risctrnsctrl.obj
 0001:00005404       ?UnwindNestedFrames@__FrameHandler3@@SAXPEA_KPEAUEHExceptionRecord@@PEAU_CONTEXT@@0PEAXPEBU_s_FuncInfo@@HHPEBU_s_HandlerType@@PEAU_xDISPATCHER_CONTEXT@@E@Z 0000000180006404 f   libvcruntime:risctrnsctrl.obj
 0001:00005528       _CreateFrameInfo           0000000180006528 f   libvcruntime:risctrnsctrl.obj
 0001:00005564       _FindAndUnlinkFrame        0000000180006564 f   libvcruntime:risctrnsctrl.obj
 0001:000055b8       _GetImageBase              00000001800065b8 f   libvcruntime:risctrnsctrl.obj
 0001:000055cc       _GetThrowImageBase         00000001800065cc f   libvcruntime:risctrnsctrl.obj
 0001:000055e0       _SetImageBase              00000001800065e0 f   libvcruntime:risctrnsctrl.obj
 0001:000055f8       _SetThrowImageBase         00000001800065f8 f   libvcruntime:risctrnsctrl.obj
 0001:00005610       __CxxFrameHandler3         0000000180006610 f   libvcruntime:risctrnsctrl.obj
 0001:00005690       __DestructExceptionObject  0000000180006690 f   libvcruntime:ehhelpers.obj
 0001:00005704       ?_CallMemberFunction0@@YAXQEAX0@Z 0000000180006704 f i libvcruntime:ehhelpers.obj
 0001:00005708       _IsExceptionObjectToBeDestroyed 0000000180006708 f   libvcruntime:ehhelpers.obj
 0001:00005738       __AdjustPointer            0000000180006738 f   libvcruntime:ehhelpers.obj
 0001:0000575c       __FrameUnwindFilter        000000018000675c f   libvcruntime:ehhelpers.obj
 0001:000057a8       __std_exception_copy       00000001800067a8 f   libvcruntime:std_exception.obj
 0001:00005838       __std_exception_destroy    0000000180006838 f   libvcruntime:std_exception.obj
 0001:00005860       _CxxThrowException         0000000180006860 f   libvcruntime:throw.obj
 0001:00005920       __vcrt_initialize          0000000180006920 f   libvcruntime:initialization.obj
 0001:00005954       __vcrt_thread_attach       0000000180006954 f   libvcruntime:initialization.obj
 0001:00005968       __vcrt_thread_detach       0000000180006968 f   libvcruntime:initialization.obj
 0001:0000597c       __vcrt_uninitialize        000000018000697c f   libvcruntime:initialization.obj
 0001:0000599c       __vcrt_uninitialize_critical 000000018000699c f   libvcruntime:initialization.obj
 0001:000059ac       __C_specific_handler       00000001800069ac f   libvcruntime:riscchandler.obj
 0001:00005bd0       memset_repmovs             0000000180006bd0 f   libvcruntime:memset.obj
 0001:00005bf0       memset                     0000000180006bf0 f   libvcruntime:memset.obj
 0001:00005d80       __std_type_info_compare    0000000180006d80 f   libvcruntime:std_type_info.obj
 0001:00005da8       __std_type_info_destroy_list 0000000180006da8 f   libvcruntime:std_type_info.obj
 0001:00005dd4       __vcrt_freefls             0000000180006dd4 f   libvcruntime:per_thread_data.obj
 0001:00005df4       __vcrt_freeptd             0000000180006df4 f   libvcruntime:per_thread_data.obj
 0001:00005e44       __vcrt_getptd              0000000180006e44 f   libvcruntime:per_thread_data.obj
 0001:00005e60       __vcrt_getptd_noexit       0000000180006e60 f   libvcruntime:per_thread_data.obj
 0001:00005f2c       __vcrt_initialize_ptd      0000000180006f2c f   libvcruntime:per_thread_data.obj
 0001:00005f80       __vcrt_uninitialize_ptd    0000000180006f80 f   libvcruntime:per_thread_data.obj
 0001:00005fa4       ?GetCurrentState@__FrameHandler3@@SAHPEA_KPEAU_xDISPATCHER_CONTEXT@@PEBU_s_FuncInfo@@@Z 0000000180006fa4 f   libvcruntime:ehstate.obj
 0001:00005fcc       ?GetUnwindTryBlock@__FrameHandler3@@SAHPEA_KPEAU_xDISPATCHER_CONTEXT@@PEBU_s_FuncInfo@@@Z 0000000180006fcc f   libvcruntime:ehstate.obj
 0001:00005ff8       ?SetState@__FrameHandler3@@SAXPEA_KPEBU_s_FuncInfo@@H@Z 0000000180006ff8 f   libvcruntime:ehstate.obj
 0001:00006004       ?SetUnwindTryBlock@__FrameHandler3@@SAXPEA_KPEAU_xDISPATCHER_CONTEXT@@PEBU_s_FuncInfo@@H@Z 0000000180007004 f   libvcruntime:ehstate.obj
 0001:00006040       ?StateFromControlPc@__FrameHandler3@@SAHPEBU_s_FuncInfo@@PEAU_xDISPATCHER_CONTEXT@@@Z 0000000180007040 f   libvcruntime:ehstate.obj
 0001:00006048       ?StateFromIp@__FrameHandler3@@SAHPEBU_s_FuncInfo@@PEAU_xDISPATCHER_CONTEXT@@_K@Z 0000000180007048 f   libvcruntime:ehstate.obj
 0001:00006ad4       ??$TypeMatchHelper@V__FrameHandler3@@@@YAHPEBU_s_HandlerType@@PEBU_s_CatchableType@@PEBU_s_ThrowInfo@@@Z 0000000180007ad4 f i libvcruntime:frame.obj
 0001:00006c18       ??$__InternalCxxFrameHandler@V__FrameHandler3@@@@YA?AW4_EXCEPTION_DISPOSITION@@PEAUEHExceptionRecord@@PEA_KPEAU_CONTEXT@@PEAU_xDISPATCHER_CONTEXT@@PEBU_s_FuncInfo@@H1E@Z 0000000180007c18 f i libvcruntime:frame.obj
 0001:00006e60       ??0bad_exception@std@@QEAA@AEBV01@@Z 0000000180007e60 f i libvcruntime:frame.obj
 0001:00006ea0       ??0bad_exception@std@@QEAA@XZ 0000000180007ea0 f i libvcruntime:frame.obj
 0001:00006ec0       ?CxxCallCatchBlock@__FrameHandler3@@SAPEAXPEAU_EXCEPTION_RECORD@@@Z 0000000180007ec0 f   libvcruntime:frame.obj
 0001:00007134       ?FrameUnwindToState@__FrameHandler3@@SAXPEA_KPEAU_xDISPATCHER_CONTEXT@@PEBU_s_FuncInfo@@H@Z 0000000180008134 f   libvcruntime:frame.obj
 0001:000072c8       ?GetHandlerSearchState@__FrameHandler3@@SAHPEA_KPEAU_xDISPATCHER_CONTEXT@@PEBU_s_FuncInfo@@@Z 00000001800082c8 f i libvcruntime:frame.obj
 0001:000074cc       ?_CallMemberFunction1@@YAXQEAX00@Z 00000001800084cc f i libvcruntime:frame.obj
 0001:000074d8       ?_CallMemberFunction2@@YAXQEAX00H@Z 00000001800084d8 f i libvcruntime:frame.obj
 0001:000074e8       __vcrt_initialize_locks    00000001800084e8 f   libvcruntime:locks.obj
 0001:00007530       __vcrt_uninitialize_locks  0000000180008530 f   libvcruntime:locks.obj
 0001:00007740       __vcrt_FlsAlloc            0000000180008740 f   libvcruntime:winapi_downlevel.obj
 0001:00007788       __vcrt_FlsFree             0000000180008788 f   libvcruntime:winapi_downlevel.obj
 0001:000077d0       __vcrt_FlsGetValue         00000001800087d0 f   libvcruntime:winapi_downlevel.obj
 0001:00007818       __vcrt_FlsSetValue         0000000180008818 f   libvcruntime:winapi_downlevel.obj
 0001:0000786c       __vcrt_InitializeCriticalSectionEx 000000018000886c f   libvcruntime:winapi_downlevel.obj
 0001:000078d0       __vcrt_initialize_winapi_thunks 00000001800088d0 f   libvcruntime:winapi_downlevel.obj
 0001:00007900       __vcrt_uninitialize_winapi_thunks 0000000180008900 f   libvcruntime:winapi_downlevel.obj
 0001:00007940       __vcrt_initialize_pure_virtual_call_handler 0000000180008940 f   libvcruntime:purevirt_data.obj
 0001:00007960       _NLG_Notify                0000000180008960 f   libvcruntime:notify.obj
 0001:00007980       __NLG_Dispatch2            0000000180008980 f   libvcruntime:notify.obj
 0001:00007990       __NLG_Return2              0000000180008990 f   libvcruntime:notify.obj
 0001:00007994       __except_validate_context_record 0000000180008994 f   libvcruntime:jbcxrval.obj
 0001:000079e0       _CallSettingFrame          00000001800089e0 f   libvcruntime:handlers.obj
 0001:00007a30       _CallSettingFrameEncoded   0000000180008a30 f   libvcruntime:handlers.obj
 0001:00007a90       memcpy_repmovs             0000000180008a90 f   libvcruntime:memcpy.obj
 0001:00007ab0       memcpy                     0000000180008ab0 f   libvcruntime:memcpy.obj
 0001:00007ab0       memmove                    0000000180008ab0 f   libvcruntime:memcpy.obj
 0001:00007ee8       __acrt_initialize_stdio    0000000180008ee8 f   libucrt:_file.obj
 0001:00008008       __acrt_iob_func            0000000180009008 f   libucrt:_file.obj
 0001:0000801c       __acrt_uninitialize_stdio  000000018000901c f   libucrt:_file.obj
 0001:00008078       _lock_file                 0000000180009078 f   libucrt:_file.obj
 0001:00008084       _unlock_file               0000000180009084 f   libucrt:_file.obj
 0001:0000829c       ??$ensure_buffer_is_big_enough@D@formatting_buffer@__crt_stdio_output@@QEAA_N_K@Z 000000018000929c f i libucrt:output.obj
 0001:00008344       ??$type_case_integer_parse_into_buffer@I@?$output_processor@DV?$string_output_adapter@D@__crt_stdio_output@@V?$standard_base@DV?$string_output_adapter@D@__crt_stdio_output@@@2@@__crt_stdio_output@@AEAAXII_N@Z 0000000180009344 f i libucrt:output.obj
 0001:00008344       ??$type_case_integer_parse_into_buffer@I@?$output_processor@DV?$stream_output_adapter@D@__crt_stdio_output@@V?$standard_base@DV?$stream_output_adapter@D@__crt_stdio_output@@@2@@__crt_stdio_output@@AEAAXII_N@Z 0000000180009344 f i libucrt:output.obj
 0001:000083d4       ??$type_case_integer_parse_into_buffer@_K@?$output_processor@DV?$stream_output_adapter@D@__crt_stdio_output@@V?$standard_base@DV?$stream_output_adapter@D@__crt_stdio_output@@@2@@__crt_stdio_output@@AEAAX_KI_N@Z 00000001800093d4 f i libucrt:output.obj
 0001:000083d4       ??$type_case_integer_parse_into_buffer@_K@?$output_processor@DV?$string_output_adapter@D@__crt_stdio_output@@V?$standard_base@DV?$string_output_adapter@D@__crt_stdio_output@@@2@@__crt_stdio_output@@AEAAX_KI_N@Z 00000001800093d4 f i libucrt:output.obj
 0001:00008468       ??$write_multiple_characters@V?$stream_output_adapter@D@__crt_stdio_output@@D@__crt_stdio_output@@YAXAEBV?$stream_output_adapter@D@0@DHQEAH@Z 0000000180009468 f i libucrt:output.obj
 0001:000084f4       ??$write_multiple_characters@V?$string_output_adapter@D@__crt_stdio_output@@D@__crt_stdio_output@@YAXAEBV?$string_output_adapter@D@0@DHQEAH@Z 00000001800094f4 f i libucrt:output.obj
 0001:0000856c       ??0_LocaleUpdate@@QEAA@QEAU__crt_locale_pointers@@@Z 000000018000956c f i libucrt:output.obj
 0001:00008738       ?crop_zeroes@__crt_stdio_output@@YAXPEADQEAU__crt_locale_pointers@@@Z 0000000180009738 f i libucrt:output.obj
 0001:000087a4       ?force_decimal_point@__crt_stdio_output@@YAXPEADQEAU__crt_locale_pointers@@@Z 00000001800097a4 f i libucrt:output.obj
 0001:00008814       ?parse_int_from_format_string@?$output_processor@DV?$string_output_adapter@D@__crt_stdio_output@@V?$standard_base@DV?$string_output_adapter@D@__crt_stdio_output@@@2@@__crt_stdio_output@@AEAA_NQEAH@Z 0000000180009814 f i libucrt:output.obj
 0001:00008814       ?parse_int_from_format_string@?$output_processor@DV?$stream_output_adapter@D@__crt_stdio_output@@V?$standard_base@DV?$stream_output_adapter@D@__crt_stdio_output@@@2@@__crt_stdio_output@@AEAA_NQEAH@Z 0000000180009814 f i libucrt:output.obj
 0001:000088b8       ?process@?$output_processor@DV?$stream_output_adapter@D@__crt_stdio_output@@V?$standard_base@DV?$stream_output_adapter@D@__crt_stdio_output@@@2@@__crt_stdio_output@@QEAAHXZ 00000001800098b8 f i libucrt:output.obj
 0001:00008ad0       ?process@?$output_processor@DV?$string_output_adapter@D@__crt_stdio_output@@V?$standard_base@DV?$string_output_adapter@D@__crt_stdio_output@@@2@@__crt_stdio_output@@QEAAHXZ 0000000180009ad0 f i libucrt:output.obj
 0001:00008cdc       ?state_case_normal@?$output_processor@DV?$stream_output_adapter@D@__crt_stdio_output@@V?$standard_base@DV?$stream_output_adapter@D@__crt_stdio_output@@@2@@__crt_stdio_output@@AEAA_NXZ 0000000180009cdc f i libucrt:output.obj
 0001:00008d4c       ?state_case_normal@?$output_processor@DV?$string_output_adapter@D@__crt_stdio_output@@V?$standard_base@DV?$string_output_adapter@D@__crt_stdio_output@@@2@@__crt_stdio_output@@AEAA_NXZ 0000000180009d4c f i libucrt:output.obj
 0001:00008dc0       ?state_case_normal_tchar@?$output_processor@DV?$stream_output_adapter@D@__crt_stdio_output@@V?$standard_base@DV?$stream_output_adapter@D@__crt_stdio_output@@@2@@__crt_stdio_output@@AEAA_ND@Z 0000000180009dc0 f i libucrt:output.obj
 0001:00008e64       ?state_case_normal_tchar@?$output_processor@DV?$string_output_adapter@D@__crt_stdio_output@@V?$standard_base@DV?$string_output_adapter@D@__crt_stdio_output@@@2@@__crt_stdio_output@@AEAA_ND@Z 0000000180009e64 f i libucrt:output.obj
 0001:00008f0c       ?state_case_size@?$output_processor@DV?$stream_output_adapter@D@__crt_stdio_output@@V?$standard_base@DV?$stream_output_adapter@D@__crt_stdio_output@@@2@@__crt_stdio_output@@AEAA_NXZ 0000000180009f0c f i libucrt:output.obj
 0001:00009080       ?state_case_size@?$output_processor@DV?$string_output_adapter@D@__crt_stdio_output@@V?$standard_base@DV?$string_output_adapter@D@__crt_stdio_output@@@2@@__crt_stdio_output@@AEAA_NXZ 000000018000a080 f i libucrt:output.obj
 0001:000091f4       ?state_case_type@?$output_processor@DV?$stream_output_adapter@D@__crt_stdio_output@@V?$standard_base@DV?$stream_output_adapter@D@__crt_stdio_output@@@2@@__crt_stdio_output@@AEAA_NXZ 000000018000a1f4 f i libucrt:output.obj
 0001:00009478       ?state_case_type@?$output_processor@DV?$string_output_adapter@D@__crt_stdio_output@@V?$standard_base@DV?$string_output_adapter@D@__crt_stdio_output@@@2@@__crt_stdio_output@@AEAA_NXZ 000000018000a478 f i libucrt:output.obj
 0001:000096e0       ?type_case_Z@?$output_processor@DV?$stream_output_adapter@D@__crt_stdio_output@@V?$standard_base@DV?$stream_output_adapter@D@__crt_stdio_output@@@2@@__crt_stdio_output@@AEAA_NXZ 000000018000a6e0 f i libucrt:output.obj
 0001:000096e0       ?type_case_Z@?$output_processor@DV?$string_output_adapter@D@__crt_stdio_output@@V?$standard_base@DV?$string_output_adapter@D@__crt_stdio_output@@@2@@__crt_stdio_output@@AEAA_NXZ 000000018000a6e0 f i libucrt:output.obj
 0001:00009758       ?type_case_a@?$output_processor@DV?$string_output_adapter@D@__crt_stdio_output@@V?$standard_base@DV?$string_output_adapter@D@__crt_stdio_output@@@2@@__crt_stdio_output@@AEAA_NXZ 000000018000a758 f i libucrt:output.obj
 0001:00009758       ?type_case_a@?$output_processor@DV?$stream_output_adapter@D@__crt_stdio_output@@V?$standard_base@DV?$stream_output_adapter@D@__crt_stdio_output@@@2@@__crt_stdio_output@@AEAA_NXZ 000000018000a758 f i libucrt:output.obj
 0001:00009914       ?type_case_c_tchar@?$output_processor@DV?$stream_output_adapter@D@__crt_stdio_output@@V?$standard_base@DV?$stream_output_adapter@D@__crt_stdio_output@@@2@@__crt_stdio_output@@AEAA_ND@Z 000000018000a914 f i libucrt:output.obj
 0001:00009914       ?type_case_c_tchar@?$output_processor@DV?$string_output_adapter@D@__crt_stdio_output@@V?$standard_base@DV?$string_output_adapter@D@__crt_stdio_output@@@2@@__crt_stdio_output@@AEAA_ND@Z 000000018000a914 f i libucrt:output.obj
 0001:000099d0       ?type_case_integer@?$output_processor@DV?$stream_output_adapter@D@__crt_stdio_output@@V?$standard_base@DV?$stream_output_adapter@D@__crt_stdio_output@@@2@@__crt_stdio_output@@AEAA_NI_N@Z 000000018000a9d0 f i libucrt:output.obj
 0001:000099d0       ?type_case_integer@?$output_processor@DV?$string_output_adapter@D@__crt_stdio_output@@V?$standard_base@DV?$string_output_adapter@D@__crt_stdio_output@@@2@@__crt_stdio_output@@AEAA_NI_N@Z 000000018000a9d0 f i libucrt:output.obj
 0001:00009b98       ?type_case_n@?$output_processor@DV?$stream_output_adapter@D@__crt_stdio_output@@V?$standard_base@DV?$stream_output_adapter@D@__crt_stdio_output@@@2@@__crt_stdio_output@@AEAA_NXZ 000000018000ab98 f i libucrt:output.obj
 0001:00009b98       ?type_case_n@?$output_processor@DV?$string_output_adapter@D@__crt_stdio_output@@V?$standard_base@DV?$string_output_adapter@D@__crt_stdio_output@@@2@@__crt_stdio_output@@AEAA_NXZ 000000018000ab98 f i libucrt:output.obj
 0001:00009c74       ?type_case_s@?$output_processor@DV?$stream_output_adapter@D@__crt_stdio_output@@V?$standard_base@DV?$stream_output_adapter@D@__crt_stdio_output@@@2@@__crt_stdio_output@@AEAA_NXZ 000000018000ac74 f i libucrt:output.obj
 0001:00009c74       ?type_case_s@?$output_processor@DV?$string_output_adapter@D@__crt_stdio_output@@V?$standard_base@DV?$string_output_adapter@D@__crt_stdio_output@@@2@@__crt_stdio_output@@AEAA_NXZ 000000018000ac74 f i libucrt:output.obj
 0001:00009d0c       ?validate_stream_is_ansi_if_required@?$__acrt_stdio_char_traits@D@@SA_NQEAU_iobuf@@@Z 000000018000ad0c f i libucrt:output.obj
 0001:00009da8       ?write_stored_string_tchar@?$output_processor@DV?$stream_output_adapter@D@__crt_stdio_output@@V?$standard_base@DV?$stream_output_adapter@D@__crt_stdio_output@@@2@@__crt_stdio_output@@AEAA_ND@Z 000000018000ada8 f i libucrt:output.obj
 0001:00009ecc       ?write_stored_string_tchar@?$output_processor@DV?$string_output_adapter@D@__crt_stdio_output@@V?$standard_base@DV?$string_output_adapter@D@__crt_stdio_output@@@2@@__crt_stdio_output@@AEAA_ND@Z 000000018000aecc f i libucrt:output.obj
 0001:00009fa4       ?write_string@?$string_output_adapter@D@__crt_stdio_output@@QEBAXQEBDHQEAHAEAV__crt_deferred_errno_cache@@@Z 000000018000afa4 f i libucrt:output.obj
 0001:0000a048       ?write_string_impl@?$output_adapter_common@DV?$stream_output_adapter@D@__crt_stdio_output@@@__crt_stdio_output@@IEBAXQEBDHQEAHAEAV__crt_deferred_errno_cache@@@Z 000000018000b048 f i libucrt:output.obj
 0001:0000a140       __stdio_common_vfprintf    000000018000b140 f   libucrt:output.obj
 0001:0000a1cc       __stdio_common_vsprintf    000000018000b1cc f   libucrt:output.obj
 0001:0000a1d4       __acrt_call_reportfault    000000018000b1d4 f   libucrt:invalid_parameter.obj
 0001:0000a330       __acrt_initialize_invalid_parameter_handler 000000018000b330 f   libucrt:invalid_parameter.obj
 0001:0000a338       _invalid_parameter         000000018000b338 f   libucrt:invalid_parameter.obj
 0001:0000a3e8       _invalid_parameter_noinfo  000000018000b3e8 f   libucrt:invalid_parameter.obj
 0001:0000a408       _invalid_parameter_noinfo_noreturn 000000018000b408 f   libucrt:invalid_parameter.obj
 0001:0000a438       _invoke_watson             000000018000b438 f   libucrt:invalid_parameter.obj
 0001:0000a480       __ascii_stricmp            000000018000b480 f   libucrt:stricmp.obj
 0001:0000a4c0       _stricmp                   000000018000b4c0 f   libucrt:stricmp.obj
 0001:0000a508       _stricmp_l                 000000018000b508 f   libucrt:stricmp.obj
 0001:0000a5bc       __acrt_initialize_new_handler 000000018000b5bc f   libucrt:new_handler.obj
 0001:0000a5c4       _callnewh                  000000018000b5c4 f   libucrt:new_handler.obj
 0001:0000a5f4       _query_new_handler         000000018000b5f4 f   libucrt:new_handler.obj
 0001:0000a628       malloc                     000000018000b628 f   libucrt:malloc.obj
 0001:0000a630       _seh_filter_dll            000000018000b630 f   libucrt:exception_filter.obj
 0001:0000a644       _seh_filter_exe            000000018000b644 f   libucrt:exception_filter.obj
 0001:0000aa34       __acrt_initialize_thread_local_exit_callback 000000018000ba34 f   libucrt:exit.obj
 0001:0000aa3c       _cexit                     000000018000ba3c f   libucrt:exit.obj
 0001:0000aa4c       _exit                      000000018000ba4c f   libucrt:exit.obj
 0001:0000aa58       _is_c_termination_complete 000000018000ba58 f   libucrt:exit.obj
 0001:0000ac24       __acrt_allocate_buffer_for_argv 000000018000bc24 f   libucrt:argv_parsing.obj
 0001:0000ac84       _configure_narrow_argv     000000018000bc84 f   libucrt:argv_parsing.obj
 0001:0000affc       __dcrt_uninitialize_environments_nolock 000000018000bffc f   libucrt:environment_initialization.obj
 0001:0000b034       _initialize_narrow_environment 000000018000c034 f   libucrt:environment_initialization.obj
 0001:0000b37c       _crt_atexit                000000018000c37c f   libucrt:onexit.obj
 0001:0000b38c       _execute_onexit_table      000000018000c38c f   libucrt:onexit.obj
 0001:0000b3c8       _initialize_onexit_table   000000018000c3c8 f   libucrt:onexit.obj
 0001:0000b3f0       _register_onexit_function  000000018000c3f0 f   libucrt:onexit.obj
 0001:0000b470       __acrt_uninitialize_command_line 000000018000c470 f   libucrt:argv_data.obj
 0001:0000b568       __acrt_initialize          000000018000c568 f   libucrt:initialization.obj
 0001:0000b57c       __acrt_thread_attach       000000018000c57c f   libucrt:initialization.obj
 0001:0000b590       __acrt_thread_detach       000000018000c590 f   libucrt:initialization.obj
 0001:0000b5a0       __acrt_uninitialize        000000018000c5a0 f   libucrt:initialization.obj
 0001:0000b5d8       __acrt_uninitialize_critical 000000018000c5d8 f   libucrt:initialization.obj
 0001:0000b5e8       _initterm                  000000018000c5e8 f   libucrt:initterm.obj
 0001:0000b64c       _initterm_e                000000018000c64c f   libucrt:initterm.obj
 0001:0000b68c       free                       000000018000c68c f   libucrt:free.obj
 0001:0000b6a0       terminate                  000000018000c6a0 f   libucrt:terminate.obj
 0001:0000b6c0       strcpy_s                   000000018000c6c0 f   libucrt:strcpy_s.obj
 0001:0000b720       abort                      000000018000c720 f   libucrt:abort.obj
 0001:0000b778       calloc                     000000018000c778 f   libucrt:calloc.obj
 0001:0000b780       wcsncmp                    000000018000c780 f   libucrt:wcsncmp.obj
 0001:0000b7ac       ??$parse_integer@KV?$c_string_character_source@D@__crt_strtox@@@__crt_strtox@@YAKQEAU__crt_locale_pointers@@V?$c_string_character_source@D@0@H_N@Z 000000018000c7ac f i libucrt:atox.obj
 0001:0000bb00       strncmp                    000000018000cb00 f   libucrt:strncmp.obj
 0001:0000bb80       __acrt_errno_from_os_error 000000018000cb80 f   libucrt:errno.obj
 0001:0000bbc8       __acrt_errno_map_os_error  000000018000cbc8 f   libucrt:errno.obj
 0001:0000bc18       __doserrno                 000000018000cc18 f   libucrt:errno.obj
 0001:0000bc38       _errno                     000000018000cc38 f   libucrt:errno.obj
 0001:0000bc58       _calloc_base               000000018000cc58 f   libucrt:calloc_base.obj
 0001:0000bcd0       _free_base                 000000018000ccd0 f   libucrt:free_base.obj
 0001:0000bee8       __acrt_AppPolicyGetProcessTerminationMethodInternal 000000018000cee8 f   libucrt:winapi_thunks.obj
 0001:0000bf38       __acrt_AreFileApisANSI     000000018000cf38 f   libucrt:winapi_thunks.obj
 0001:0000bf74       __acrt_FlsAlloc            000000018000cf74 f   libucrt:winapi_thunks.obj
 0001:0000bfbc       __acrt_FlsFree             000000018000cfbc f   libucrt:winapi_thunks.obj
 0001:0000c004       __acrt_FlsGetValue         000000018000d004 f   libucrt:winapi_thunks.obj
 0001:0000c04c       __acrt_FlsSetValue         000000018000d04c f   libucrt:winapi_thunks.obj
 0001:0000c0a0       __acrt_InitializeCriticalSectionEx 000000018000d0a0 f   libucrt:winapi_thunks.obj
 0001:0000c104       __acrt_LCMapStringEx       000000018000d104 f   libucrt:winapi_thunks.obj
 0001:0000c1e0       __acrt_LocaleNameToLCID    000000018000d1e0 f   libucrt:winapi_thunks.obj
 0001:0000c230       __acrt_initialize_winapi_thunks 000000018000d230 f   libucrt:winapi_thunks.obj
 0001:0000c264       __acrt_uninitialize_winapi_thunks 000000018000d264 f   libucrt:winapi_thunks.obj
 0001:0000c2a8       _fcloseall                 000000018000d2a8 f   libucrt:closeall.obj
 0001:0000c538       __acrt_stdio_flush_nolock  000000018000d538 f   libucrt:fflush.obj
 0001:0000c5b4       _fflush_nolock             000000018000d5b4 f   libucrt:fflush.obj
 0001:0000c600       _flushall                  000000018000d600 f   libucrt:fflush.obj
 0001:0000c608       __acrt_stdio_free_buffer_nolock 000000018000d608 f   libucrt:_freebuf.obj
 0001:0000c844       __acrt_initialize_lowio    000000018000d844 f   libucrt:ioinit.obj
 0001:0000c880       __acrt_uninitialize_lowio  000000018000d880 f   libucrt:ioinit.obj
 0001:0000c8c0       isdigit                    000000018000d8c0 f i libucrt:_ctype.obj
 0001:0000c9b4       _tolower_l                 000000018000d9b4 f   libucrt:tolower_toupper.obj
 0001:0000caf4       tolower                    000000018000daf4 f   libucrt:tolower_toupper.obj
 0001:0000cb20       _malloc_base               000000018000db20 f   libucrt:malloc_base.obj
 0001:0000cb80       strtol                     000000018000db80 f   libucrt:strtox.obj
 0001:0000cbac       _mbtowc_l                  000000018000dbac f   libucrt:mbtowc.obj
 0001:0000cd28       mbtowc                     000000018000dd28 f   libucrt:mbtowc.obj
 0001:0000cd30       _wctomb_s_l                000000018000dd30 f   libucrt:wctomb.obj
 0001:0000ced0       wctomb_s                   000000018000ded0 f   libucrt:wctomb.obj
 0001:0000cee4       strnlen                    000000018000dee4 f   libucrt:strnlen.obj
 0001:0000d034       wcsnlen                    000000018000e034 f   libucrt:strnlen.obj
 0001:0000d584       __acrt_freeptd             000000018000e584 f   libucrt:per_thread_data.obj
 0001:0000d5c8       __acrt_getptd              000000018000e5c8 f   libucrt:per_thread_data.obj
 0001:0000d69c       __acrt_getptd_head         000000018000e69c f   libucrt:per_thread_data.obj
 0001:0000d744       __acrt_getptd_noexit       000000018000e744 f   libucrt:per_thread_data.obj
 0001:0000d810       __acrt_initialize_ptd      000000018000e810 f   libucrt:per_thread_data.obj
 0001:0000d84c       __acrt_uninitialize_ptd    000000018000e84c f   libucrt:per_thread_data.obj
 0001:0000d870       __acrt_update_locale_info  000000018000e870 f   libucrt:locale_update.obj
 0001:0000d8a4       __acrt_update_multibyte_info 000000018000e8a4 f   libucrt:locale_update.obj
 0001:0000e2ac       __acrt_fp_format           000000018000f2ac f   libucrt:cvt.obj
 0001:0000e534       _fileno                    000000018000f534 f   libucrt:fileno.obj
 0001:0000e55c       _fputc_nolock              000000018000f55c f   libucrt:fputc.obj
 0001:0000e574       _get_printf_count_output   000000018000f574 f   libucrt:printf_count_output.obj
 0001:0000e58c       __acrt_stdio_begin_temporary_buffering_nolock 000000018000f58c f   libucrt:_sftbuf.obj
 0001:0000e65c       __acrt_stdio_end_temporary_buffering_nolock 000000018000f65c f   libucrt:_sftbuf.obj
 0001:0000e708       __acrt_set_locale_changed  000000018000f708 f   libucrt:wsetlocale.obj
 0001:0000e714       __acrt_uninitialize_locale 000000018000f714 f   libucrt:wsetlocale.obj
 0001:0000e744       __acrt_initialize_locks    000000018000f744 f   libucrt:locks.obj
 0001:0000e78c       __acrt_lock                000000018000f78c f   libucrt:locks.obj
 0001:0000e7a8       __acrt_uninitialize_locks  000000018000f7a8 f   libucrt:locks.obj
 0001:0000e7e0       __acrt_unlock              000000018000f7e0 f   libucrt:locks.obj
 0001:0000e7fc       __acrt_get_process_end_policy 000000018000f7fc f   libucrt:win_policies.obj
 0001:0000e84c       ??$__acrt_mbs_to_wcs_cp@U__crt_win32_buffer_internal_dynamic_resizing@@@@YAHQEBDAEAV?$__crt_win32_buffer@_WU__crt_win32_buffer_internal_dynamic_resizing@@@@I@Z 000000018000f84c f i libucrt:argv_wildcards.obj
 0001:0000e9c4       ??$__acrt_wcs_to_mbs_cp@U__crt_win32_buffer_internal_dynamic_resizing@@@@YAHQEB_WAEAV?$__crt_win32_buffer@DU__crt_win32_buffer_internal_dynamic_resizing@@@@I@Z 000000018000f9c4 f i libucrt:argv_wildcards.obj
 0001:0000f1f4       __acrt_expand_narrow_argv_wildcards 00000001800101f4 f   libucrt:argv_wildcards.obj
 0001:0000f1fc       ??$__acrt_wcs_to_mbs_cp@U__crt_win32_buffer_no_resizing@@@@YAHQEB_WAEAV?$__crt_win32_buffer@DU__crt_win32_buffer_no_resizing@@@@I@Z 00000001800101fc f i libucrt:getmodulefilenamea.obj
 0001:0000f310       __acrt_GetModuleFileNameA  0000000180010310 f   libucrt:getmodulefilenamea.obj
 0001:0000fb5c       __acrt_initialize_multibyte 0000000180010b5c f   libucrt:mbctype.obj
 0001:0000fbbc       __acrt_update_thread_multibyte_data 0000000180010bbc f   libucrt:mbctype.obj
 0001:0000fbd8       _setmbcp_nolock            0000000180010bd8 f   libucrt:mbctype.obj
 0001:0000ff0c       _ismbblead                 0000000180010f0c f   libucrt:ismbbyte.obj
 0001:0000ff20       __acrt_initialize_command_line 0000000180010f20 f   libucrt:argv_data.obj
 0001:0000ff48       __acrt_MultiByteToWideChar 0000000180010f48 f   libucrt:multibytetowidechar.obj
 0001:0000ffa4       __acrt_WideCharToMultiByte 0000000180010fa4 f   libucrt:widechartomultibyte.obj
 0001:0001003c       __dcrt_get_narrow_environment_from_os 000000018001103c f   libucrt:get_environment_from_os.obj
 0001:00010140       _recalloc_base             0000000180011140 f   libucrt:recalloc.obj
 0001:000101d8       __acrt_initialize_heap     00000001800111d8 f   libucrt:heap_handle.obj
 0001:000101f4       __acrt_uninitialize_heap   00000001800111f4 f   libucrt:heap_handle.obj
 0001:00010200       __acrt_execute_initializers 0000000180011200 f   libucrt:shared_initialization.obj
 0001:00010280       __acrt_execute_uninitializers 0000000180011280 f   libucrt:shared_initialization.obj
 0001:00010304       __acrt_get_sigabrt_handler 0000000180011304 f   libucrt:signal.obj
 0001:00010334       __acrt_initialize_signal_handlers 0000000180011334 f   libucrt:signal.obj
 0001:00010354       raise                      0000000180011354 f   libucrt:signal.obj
 0001:000105c0       __acrt_has_user_matherr    00000001800115c0 f   libucrt:matherr.obj
 0001:000105e0       __acrt_initialize_user_matherr 00000001800115e0 f   libucrt:matherr.obj
 0001:000105e8       __acrt_invoke_user_matherr 00000001800115e8 f   libucrt:matherr.obj
 0001:00010618       __pctype_func              0000000180011618 f   libucrt:ctype.obj
 0001:00010648       _isctype_l                 0000000180011648 f   libucrt:isctype.obj
 0001:00010758       _query_new_mode            0000000180011758 f   libucrt:new_mode.obj
 0001:00010848       __acrt_DownlevelLocaleNameToLCID 0000000180011848 f   libucrt:lcidtoname_downlevel.obj
 0001:0001087c       _fclose_nolock             000000018001187c f   libucrt:fclose.obj
 0001:00010900       fclose                     0000000180011900 f   libucrt:fclose.obj
 0001:000109f0       _commit                    00000001800119f0 f   libucrt:commit.obj
 0001:000112f0       _write                     00000001800122f0 f   libucrt:write.obj
 0001:000113dc       _write_nolock              00000001800123dc f   libucrt:write.obj
 0001:000116b8       __acrt_lowio_create_handle_array 00000001800126b8 f   libucrt:osfinfo.obj
 0001:00011760       __acrt_lowio_destroy_handle_array 0000000180012760 f   libucrt:osfinfo.obj
 0001:000117b0       __acrt_lowio_ensure_fh_exists 00000001800127b0 f   libucrt:osfinfo.obj
 0001:00011858       __acrt_lowio_lock_fh       0000000180012858 f   libucrt:osfinfo.obj
 0001:00011880       __acrt_lowio_unlock_fh     0000000180012880 f   libucrt:osfinfo.obj
 0001:000118a8       _free_osfhnd               00000001800128a8 f   libucrt:osfinfo.obj
 0001:00011964       _get_osfhandle             0000000180012964 f   libucrt:osfinfo.obj
 0001:000119dc       _isleadbyte_l              00000001800129dc f i libucrt:_wctype.obj
 0001:00011d40       __acrt_LCMapStringA        0000000180012d40 f   libucrt:lcmapstringa.obj
 0001:00011dd8       ?__mbrtowc_utf8@__crt_mbstring@@YA_KPEA_WPEBD_KPEAU_Mbstatet@@@Z 0000000180012dd8 f   libucrt:mbrtowc.obj
 0001:00011e14       ?__mbsrtowcs_utf8@__crt_mbstring@@YA_KPEA_WPEAPEBD_KPEAU_Mbstatet@@@Z 0000000180012e14 f   libucrt:mbrtowc.obj
 0001:00011f8c       ?__c32rtomb_utf8@__crt_mbstring@@YA_KPEAD_UPEAU_Mbstatet@@@Z 0000000180012f8c f   libucrt:c32rtomb.obj
 0001:00012044       __acrt_add_locale_ref      0000000180013044 f   libucrt:locale_refcounting.obj
 0001:000120d0       __acrt_free_locale         00000001800130d0 f   libucrt:locale_refcounting.obj
 0001:00012248       __acrt_locale_add_lc_time_reference 0000000180013248 f   libucrt:locale_refcounting.obj
 0001:00012270       __acrt_locale_free_lc_time_if_unreferenced 0000000180013270 f   libucrt:locale_refcounting.obj
 0001:000122a8       __acrt_locale_release_lc_time_reference 00000001800132a8 f   libucrt:locale_refcounting.obj
 0001:000122d0       __acrt_release_locale_ref  00000001800132d0 f   libucrt:locale_refcounting.obj
 0001:00012378       __acrt_update_thread_locale_data 0000000180013378 f   libucrt:locale_refcounting.obj
 0001:000123e8       _updatetlocinfoEx_nolock   00000001800133e8 f   libucrt:locale_refcounting.obj
 0001:00012450       __acrt_fp_strflt_to_string 0000000180013450 f   libucrt:_fptostr.obj
 0001:00012540       ?divide@__crt_strtox@@YA_KAEAUbig_integer@1@AEBU21@@Z 0000000180013540 f i libucrt:cfout.obj
 0001:0001296c       __acrt_fltout              000000018001396c f   libucrt:cfout.obj
 0001:00013d84       __acrt_stdio_flush_and_write_narrow_nolock 0000000180014d84 f   libucrt:_flsbuf.obj
 0001:00013e70       _isatty                    0000000180014e70 f   libucrt:isatty.obj
 0001:00013ed0       __acrt_locale_free_monetary 0000000180014ed0 f   libucrt:initmon.obj
 0001:00013fdc       __acrt_locale_free_numeric 0000000180014fdc f   libucrt:initnum.obj
 0001:000140a0       __acrt_locale_free_time    00000001800150a0 f   libucrt:inittime.obj
 0001:000141a8       __acrt_GetStringTypeA      00000001800151a8 f   libucrt:getstringtypea.obj
 0001:00014340       qsort                      0000000180015340 f   libucrt:qsort.obj
 0001:00014700       strncpy_s                  0000000180015700 f   libucrt:strncpy_s.obj
 0001:00014880       strpbrk                    0000000180015880 f   libucrt:strpbrk.obj
 0001:00014c60       _mbsdec                    0000000180015c60 f   libucrt:mbsdec.obj
 0001:00014c68       _mbsdec_l                  0000000180015c68 f   libucrt:mbsdec.obj
 0001:00014d14       _msize_base                0000000180015d14 f   libucrt:msize.obj
 0001:00014d50       _realloc_base              0000000180015d50 f   libucrt:realloc_base.obj
 0001:00014e40       _close                     0000000180015e40 f   libucrt:close.obj
 0001:00014ee4       _close_nolock              0000000180015ee4 f   libucrt:close.obj
 0001:00014fa4       ?__acrt_stdio_free_stream@@YAXV__crt_stdio_stream@@@Z 0000000180015fa4 f   libucrt:stream.obj
 0001:0001514c       _lseeki64                  000000018001614c f   libucrt:lseek.obj
 0001:00015154       _lseeki64_nolock           0000000180016154 f   libucrt:lseek.obj
 0001:0001515c       _putwch_nolock             000000018001615c f   libucrt:putwch.obj
 0001:00015198       _query_app_type            0000000180016198 f   libucrt:report_runtime_error.obj
 0001:000151a0       __strncnt                  00000001800161a0 f   libucrt:strncnt.obj
 0001:000151b8       ?__mbrtoc32_utf8@__crt_mbstring@@YA_KPEA_UPEBD_KPEAU_Mbstatet@@@Z 00000001800161b8 f   libucrt:mbrtoc32.obj
 0001:00015394       fegetenv                   0000000180016394 f   libucrt:fegetenv.obj
 0001:000153b4       fesetenv                   00000001800163b4 f   libucrt:fesetenv.obj
 0001:00015404       feholdexcept               0000000180016404 f   libucrt:feholdexcept.obj
 0001:00015454       ceil                       0000000180016454 f   libucrt:ceil.obj
 0001:00015520       log10                      0000000180016520 f   libucrt:log10.obj
 0001:00015acc       __acrt_stdio_allocate_buffer_nolock 0000000180016acc f   libucrt:_getbuf.obj
 0001:00015b34       __dcrt_lowio_ensure_console_output_initialized 0000000180016b34 f   libucrt:initcon.obj
 0001:00015b88       __dcrt_terminate_console_output 0000000180016b88 f   libucrt:initcon.obj
 0001:00015ba4       __dcrt_write_console       0000000180016ba4 f   libucrt:initcon.obj
 0001:00015c64       __acrt_fenv_get_control    0000000180016c64 f   libucrt:_fenvutils.obj
 0001:00015d58       __acrt_fenv_get_status     0000000180016d58 f   libucrt:_fenvutils.obj
 0001:00015dac       __acrt_fenv_set_control    0000000180016dac f   libucrt:_fenvutils.obj
 0001:00015ef4       __acrt_fenv_set_status     0000000180016ef4 f   libucrt:_fenvutils.obj
 0001:00015f78       _clearfp                   0000000180016f78 f   libucrt:ieee.obj
 0001:0001610c       _handle_error              000000018001710c f   libucrt:libm_error.obj
 0001:00016234       _handle_nan                0000000180017234 f   libucrt:libm_error.obj
 0001:00016250       __acrt_initialize_fma3     0000000180017250 f   libucrt:fma3_available.obj
 0001:000162c0       _log10_special             00000001800172c0 f   libucrt:log_special.obj
 0001:00016390       _get_fpsr                  0000000180017390 f   libucrt:fpsr.obj
 0001:000163a0       _set_fpsr                  00000001800173a0 f   libucrt:fpsr.obj
 0001:000163aa       _fclrf                     00000001800173aa f   libucrt:fpsr.obj
 0001:000163be       _frnd                      00000001800173be f   libucrt:fpsr.obj
 0001:000163e0       _raise_exc                 00000001800173e0 f   libucrt:fpexcept.obj
 0001:00016408       _raise_exc_ex              0000000180017408 f   libucrt:fpexcept.obj
 0001:00016718       _set_errno_from_matherr    0000000180017718 f   libucrt:fpexcept.obj
 0001:00016748       _clrfp                     0000000180017748 f   libucrt:fpctrl.obj
 0001:00016768       _ctrlfp                    0000000180017768 f   libucrt:fpctrl.obj
 0001:000167e4       _set_statfp                00000001800177e4 f   libucrt:fpctrl.obj
 0001:00016804       _statfp                    0000000180017804 f   libucrt:fpctrl.obj
 0001:00016815       IsProcessorFeaturePresent  0000000180017815 f   kernel32:KERNEL32.dll
 0001:0001681c       ?DloadAcquireSectionWriteAccess@@YAXXZ 000000018001781c f i DelayImp:delayhlp.obj
 0001:000168c8       ?DloadGetSRWLockFunctionPointers@@YAEXZ 00000001800178c8 f i DelayImp:delayhlp.obj
 0001:00016964       ?DloadMakePermanentImageCommit@@YAXPEAX_K@Z 0000000180017964 f i DelayImp:delayhlp.obj
 0001:000169fc       ?DloadObtainSection@@YAPEAXPEAK0@Z 00000001800179fc f i DelayImp:delayhlp.obj
 0001:00016a98       ?DloadProtectSection@@YAXKPEAK@Z 0000000180017a98 f i DelayImp:delayhlp.obj
 0001:00016b28       ?DloadReleaseSectionWriteAccess@@YAXXZ 0000000180017b28 f i DelayImp:delayhlp.obj
 0001:00016bbc       __delayLoadHelper2         0000000180017bbc f   DelayImp:delayhlp.obj
 0001:00016e7c       __GSHandlerCheck           0000000180017e7c f   LIBCMT:gshandler.obj
 0001:00016e9c       __GSHandlerCheckCommon     0000000180017e9c f   LIBCMT:gshandler.obj
 0001:00016f00       _FindPESection             0000000180017f00 f   LIBCMT:pesect.obj
 0001:00016f50       _IsNonwritableInCurrentImage 0000000180017f50 f   LIBCMT:pesect.obj
 0001:00016fa0       _ValidateImageBase         0000000180017fa0 f   LIBCMT:pesect.obj
 0001:00016fe0       _alloca_probe              0000000180017fe0 f   LIBCMT:chkstk.obj
 0001:00016fe0       __chkstk                   0000000180017fe0 f   LIBCMT:chkstk.obj
 0001:00017034       strrchr                    0000000180018034 f   libvcruntime:strrchr.obj
 0001:00017190       memcmp                     0000000180018190 f   libvcruntime:memcmp.obj
 0001:00017258       __GSHandlerCheck_EH        0000000180018258 f   LIBCMT:gshandlereh.obj
 0001:000172f0       _guard_dispatch_icall_nop  00000001800182f0 f   LIBCMT:guard_dispatch.obj
 0002:00000000       __imp_TargetHandle         0000000180019000     CenterClientLibrary:CenterClientLibrary.dll
 0002:00000008       __imp_TargetName           0000000180019008     CenterClientLibrary:CenterClientLibrary.dll
 0002:00000010       __imp_SendCommandByHandle  0000000180019010     CenterClientLibrary:CenterClientLibrary.dll
 0002:00000018       __imp_SendByName           0000000180019018     CenterClientLibrary:CenterClientLibrary.dll
 0002:00000020       __imp_Tick                 0000000180019020     CenterClientLibrary:CenterClientLibrary.dll
 0002:00000028       __imp_GetConfig            0000000180019028     CenterClientLibrary:CenterClientLibrary.dll
 0002:00000030       __imp_SendByHandle         0000000180019030     CenterClientLibrary:CenterClientLibrary.dll
 0002:00000038       __imp_SendCommandByName    0000000180019038     CenterClientLibrary:CenterClientLibrary.dll
 0002:00000040       __imp_Init                 0000000180019040     CenterClientLibrary:CenterClientLibrary.dll
 0002:00000048       __imp_Release              0000000180019048     CenterClientLibrary:CenterClientLibrary.dll
 0002:00000050       \177CenterClientLibrary_NULL_THUNK_DATA 0000000180019050     CenterClientLibrary:CenterClientLibrary.dll
 0002:00000058       __imp_GetModuleHandleA     0000000180019058     kernel32:KERNEL32.dll
 0002:00000060       __imp_SleepEx              0000000180019060     kernel32:KERNEL32.dll
 0002:00000068       __imp_LoadLibraryExA       0000000180019068     kernel32:KERNEL32.dll
 0002:00000070       __imp_RtlCaptureContext    0000000180019070     kernel32:KERNEL32.dll
 0002:00000078       __imp_RtlLookupFunctionEntry 0000000180019078     kernel32:KERNEL32.dll
 0002:00000080       __imp_RtlVirtualUnwind     0000000180019080     kernel32:KERNEL32.dll
 0002:00000088       __imp_UnhandledExceptionFilter 0000000180019088     kernel32:KERNEL32.dll
 0002:00000090       __imp_SetUnhandledExceptionFilter 0000000180019090     kernel32:KERNEL32.dll
 0002:00000098       __imp_GetCurrentProcess    0000000180019098     kernel32:KERNEL32.dll
 0002:000000a0       __imp_TerminateProcess     00000001800190a0     kernel32:KERNEL32.dll
 0002:000000a8       __imp_IsProcessorFeaturePresent 00000001800190a8     kernel32:KERNEL32.dll
 0002:000000b0       __imp_IsDebuggerPresent    00000001800190b0     kernel32:KERNEL32.dll
 0002:000000b8       __imp_GetStartupInfoW      00000001800190b8     kernel32:KERNEL32.dll
 0002:000000c0       __imp_GetModuleHandleW     00000001800190c0     kernel32:KERNEL32.dll
 0002:000000c8       __imp_QueryPerformanceCounter 00000001800190c8     kernel32:KERNEL32.dll
 0002:000000d0       __imp_GetCurrentProcessId  00000001800190d0     kernel32:KERNEL32.dll
 0002:000000d8       __imp_GetCurrentThreadId   00000001800190d8     kernel32:KERNEL32.dll
 0002:000000e0       __imp_GetSystemTimeAsFileTime 00000001800190e0     kernel32:KERNEL32.dll
 0002:000000e8       __imp_InitializeSListHead  00000001800190e8     kernel32:KERNEL32.dll
 0002:000000f0       __imp_RtlUnwindEx          00000001800190f0     kernel32:KERNEL32.dll
 0002:000000f8       __imp_RtlPcToFileHeader    00000001800190f8     kernel32:KERNEL32.dll
 0002:00000100       __imp_RaiseException       0000000180019100     kernel32:KERNEL32.dll
 0002:00000108       __imp_InterlockedFlushSList 0000000180019108     kernel32:KERNEL32.dll
 0002:00000110       __imp_GetLastError         0000000180019110     kernel32:KERNEL32.dll
 0002:00000118       __imp_SetLastError         0000000180019118     kernel32:KERNEL32.dll
 0002:00000120       __imp_EncodePointer        0000000180019120     kernel32:KERNEL32.dll
 0002:00000128       __imp_EnterCriticalSection 0000000180019128     kernel32:KERNEL32.dll
 0002:00000130       __imp_LeaveCriticalSection 0000000180019130     kernel32:KERNEL32.dll
 0002:00000138       __imp_DeleteCriticalSection 0000000180019138     kernel32:KERNEL32.dll
 0002:00000140       __imp_InitializeCriticalSectionAndSpinCount 0000000180019140     kernel32:KERNEL32.dll
 0002:00000148       __imp_TlsAlloc             0000000180019148     kernel32:KERNEL32.dll
 0002:00000150       __imp_TlsGetValue          0000000180019150     kernel32:KERNEL32.dll
 0002:00000158       __imp_TlsSetValue          0000000180019158     kernel32:KERNEL32.dll
 0002:00000160       __imp_TlsFree              0000000180019160     kernel32:KERNEL32.dll
 0002:00000168       __imp_FreeLibrary          0000000180019168     kernel32:KERNEL32.dll
 0002:00000170       __imp_GetProcAddress       0000000180019170     kernel32:KERNEL32.dll
 0002:00000178       __imp_LoadLibraryExW       0000000180019178     kernel32:KERNEL32.dll
 0002:00000180       __imp_ExitProcess          0000000180019180     kernel32:KERNEL32.dll
 0002:00000188       __imp_GetModuleHandleExW   0000000180019188     kernel32:KERNEL32.dll
 0002:00000190       __imp_GetModuleFileNameW   0000000180019190     kernel32:KERNEL32.dll
 0002:00000198       __imp_HeapAlloc            0000000180019198     kernel32:KERNEL32.dll
 0002:000001a0       __imp_HeapFree             00000001800191a0     kernel32:KERNEL32.dll
 0002:000001a8       __imp_LCMapStringW         00000001800191a8     kernel32:KERNEL32.dll
 0002:000001b0       __imp_GetStdHandle         00000001800191b0     kernel32:KERNEL32.dll
 0002:000001b8       __imp_GetFileType          00000001800191b8     kernel32:KERNEL32.dll
 0002:000001c0       __imp_FindClose            00000001800191c0     kernel32:KERNEL32.dll
 0002:000001c8       __imp_FindFirstFileExW     00000001800191c8     kernel32:KERNEL32.dll
 0002:000001d0       __imp_FindNextFileW        00000001800191d0     kernel32:KERNEL32.dll
 0002:000001d8       __imp_IsValidCodePage      00000001800191d8     kernel32:KERNEL32.dll
 0002:000001e0       __imp_GetACP               00000001800191e0     kernel32:KERNEL32.dll
 0002:000001e8       __imp_GetOEMCP             00000001800191e8     kernel32:KERNEL32.dll
 0002:000001f0       __imp_GetCPInfo            00000001800191f0     kernel32:KERNEL32.dll
 0002:000001f8       __imp_GetCommandLineA      00000001800191f8     kernel32:KERNEL32.dll
 0002:00000200       __imp_GetCommandLineW      0000000180019200     kernel32:KERNEL32.dll
 0002:00000208       __imp_MultiByteToWideChar  0000000180019208     kernel32:KERNEL32.dll
 0002:00000210       __imp_WideCharToMultiByte  0000000180019210     kernel32:KERNEL32.dll
 0002:00000218       __imp_GetEnvironmentStringsW 0000000180019218     kernel32:KERNEL32.dll
 0002:00000220       __imp_FreeEnvironmentStringsW 0000000180019220     kernel32:KERNEL32.dll
 0002:00000228       __imp_GetProcessHeap       0000000180019228     kernel32:KERNEL32.dll
 0002:00000230       __imp_FlushFileBuffers     0000000180019230     kernel32:KERNEL32.dll
 0002:00000238       __imp_WriteFile            0000000180019238     kernel32:KERNEL32.dll
 0002:00000240       __imp_GetConsoleCP         0000000180019240     kernel32:KERNEL32.dll
 0002:00000248       __imp_GetConsoleMode       0000000180019248     kernel32:KERNEL32.dll
 0002:00000250       __imp_SetStdHandle         0000000180019250     kernel32:KERNEL32.dll
 0002:00000258       __imp_GetFileSizeEx        0000000180019258     kernel32:KERNEL32.dll
 0002:00000260       __imp_SetFilePointerEx     0000000180019260     kernel32:KERNEL32.dll
 0002:00000268       __imp_GetStringTypeW       0000000180019268     kernel32:KERNEL32.dll
 0002:00000270       __imp_HeapSize             0000000180019270     kernel32:KERNEL32.dll
 0002:00000278       __imp_HeapReAlloc          0000000180019278     kernel32:KERNEL32.dll
 0002:00000280       __imp_CloseHandle          0000000180019280     kernel32:KERNEL32.dll
 0002:00000288       __imp_CreateFileW          0000000180019288     kernel32:KERNEL32.dll
 0002:00000290       __imp_WriteConsoleW        0000000180019290     kernel32:KERNEL32.dll
 0002:00000298       __imp_GetSystemInfo        0000000180019298     kernel32:KERNEL32.dll
 0002:000002a0       __imp_VirtualProtect       00000001800192a0     kernel32:KERNEL32.dll
 0002:000002a8       __imp_VirtualQuery         00000001800192a8     kernel32:KERNEL32.dll
 0002:000002b0       \177KERNEL32_NULL_THUNK_DATA 00000001800192b0     kernel32:KERNEL32.dll
 0002:000002b8       __guard_check_icall_fptr   00000001800192b8     LIBCMT:guard_support.obj
 0002:000002c0       __guard_dispatch_icall_fptr 00000001800192c0     LIBCMT:guard_support.obj
 0002:000002c8       __xc_a                     00000001800192c8     LIBCMT:initializers.obj
 0002:000002d8       _register_node_center_client_ 00000001800192d8     main.obj
 0002:000002e0       __xc_z                     00000001800192e0     LIBCMT:initializers.obj
 0002:000002e8       __xi_a                     00000001800192e8     LIBCMT:initializers.obj
 0002:000002f0       __acrt_stdio_initializer   00000001800192f0     libucrt:stdio_initializer.obj
 0002:000002f8       __acrt_multibyte_initializer 00000001800192f8     libucrt:multibyte_initializer.obj
 0002:00000300       __acrt_tran_fma3_initializer 0000000180019300     libucrt:fma3_initializer.obj
 0002:00000308       __xi_z                     0000000180019308     LIBCMT:initializers.obj
 0002:00000310       __xp_a                     0000000180019310     LIBCMT:initializers.obj
 0002:00000318       __acrt_locale_terminator   0000000180019318     libucrt:locale_initializer.obj
 0002:00000320       __dcrt_console_output_terminator 0000000180019320     libucrt:console_output_initializer.obj
 0002:00000328       __acrt_stdio_terminator    0000000180019328     libucrt:stdio_initializer.obj
 0002:00000330       __xp_z                     0000000180019330     LIBCMT:initializers.obj
 0002:00000338       __xt_a                     0000000180019338     LIBCMT:initializers.obj
 0002:00000340       __xt_z                     0000000180019340     LIBCMT:initializers.obj
 0002:00000350       __sz_node_exe              0000000180019350     node:node.exe
 0002:00000368       ??_7exception@std@@6B@     0000000180019368     libcpmt:xthrow.obj
 0002:00000378       ??_C@_0BC@EOODALEL@Unknown?5exception@ 0000000180019378     libcpmt:xthrow.obj
 0002:00000398       ??_7bad_alloc@std@@6B@     0000000180019398     libcpmt:xthrow.obj
 0002:000003a8       ??_C@_0P@GHFPNOJB@bad?5allocation@ 00000001800193a8     libcpmt:xthrow.obj
 0002:000003c0       ??_7logic_error@std@@6B@   00000001800193c0     libcpmt:xthrow.obj
 0002:000003d8       ??_7length_error@std@@6B@  00000001800193d8     libcpmt:xthrow.obj
 0002:000003f0       ??_7type_info@@6B@         00000001800193f0     LIBCMT:std_type_info_static.obj
 0002:000003f8       _pDefaultRawDllMain        00000001800193f8     LIBCMT:dll_dllmain.obj
 0002:000003f8       _pRawDllMain               00000001800193f8     LIBCMT:dll_dllmain.obj
 0002:00000418       ??_7bad_array_new_length@std@@6B@ 0000000180019418     LIBCMT:throw_bad_alloc.obj
 0002:00000428       ??_C@_0BF@KINCDENJ@bad?5array?5new?5length@ 0000000180019428     LIBCMT:throw_bad_alloc.obj
 0002:000004d8       _pDestructExceptionObject  00000001800194d8     libvcruntime:ehhelpers.obj
 0002:00000528       ??_7bad_exception@std@@6B@ 0000000180019528     libvcruntime:frame.obj
 0002:00000538       ??_C@_0O@DPKOEFFH@bad?5exception@ 0000000180019538     libvcruntime:frame.obj
 0002:00000560       ??_C@_1DM@KHCHBNEB@?$AAa?$AAp?$AAi?$AA?9?$AAm?$AAs?$AA?9?$AAw?$AAi?$AAn?$AA?9?$AAc?$AAo?$AAr?$AAe@ 0000000180019560     libvcruntime:winapi_downlevel.obj
 0002:000005a0       ??_C@_1DK@LPPGFMPP@?$AAa?$AAp?$AAi?$AA?9?$AAm?$AAs?$AA?9?$AAw?$AAi?$AAn?$AA?9?$AAc?$AAo?$AAr?$AAe@ 00000001800195a0     libvcruntime:winapi_downlevel.obj
 0002:000005e0       ??_C@_1BC@GDMECMAK@?$AAk?$AAe?$AAr?$AAn?$AAe?$AAl?$AA3?$AA2@ 00000001800195e0     libvcruntime:winapi_downlevel.obj
 0002:000005f8       ??_C@_1BA@PFFKHIOG@?$AAa?$AAp?$AAi?$AA?9?$AAm?$AAs?$AA?9@ 00000001800195f8     libvcruntime:winapi_downlevel.obj
 0002:00000608       ??_C@_1BA@IAIFMGEF@?$AAe?$AAx?$AAt?$AA?9?$AAm?$AAs?$AA?9@ 0000000180019608     libvcruntime:winapi_downlevel.obj
 0002:00000620       ??_C@_08KNHFBNJ@FlsAlloc@  0000000180019620     libvcruntime:winapi_downlevel.obj
 0002:00000638       ??_C@_07PEJMOBNF@FlsFree@  0000000180019638     libvcruntime:winapi_downlevel.obj
 0002:00000648       ??_C@_0M@GDNOONDI@FlsGetValue@ 0000000180019648     libvcruntime:winapi_downlevel.obj
 0002:00000660       ??_C@_0M@JCPCPOEF@FlsSetValue@ 0000000180019660     libvcruntime:winapi_downlevel.obj
 0002:00000678       ??_C@_0BM@HCFOFFN@InitializeCriticalSectionEx@ 0000000180019678     libvcruntime:winapi_downlevel.obj
 0002:000009d8       ??_C@_08EHJDFFNH@__based?$CI@ 00000001800199d8     libvcruntime:undname.obj
 0002:000009e8       ??_C@_07KOLFKCDI@__cdecl@  00000001800199e8     libvcruntime:undname.obj
 0002:000009f0       ??_C@_08GHMPAG@__pascal@   00000001800199f0     libvcruntime:undname.obj
 0002:00000a00       ??_C@_09IFJBGAPI@__stdcall@ 0000000180019a00     libvcruntime:undname.obj
 0002:00000a10       ??_C@_0L@NPHFGOKO@__thiscall@ 0000000180019a10     libvcruntime:undname.obj
 0002:00000a20       ??_C@_0L@JMKHOMEK@__fastcall@ 0000000180019a20     libvcruntime:undname.obj
 0002:00000a30       ??_C@_0N@BCKKPABJ@__vectorcall@ 0000000180019a30     libvcruntime:undname.obj
 0002:00000a40       ??_C@_09HIJEGCPM@__clrcall@ 0000000180019a40     libvcruntime:undname.obj
 0002:00000a4c       ??_C@_06GHPCKEAG@__eabi@   0000000180019a4c     libvcruntime:undname.obj
 0002:00000a58       ??_C@_09IOPIDJLG@__swift_1@ 0000000180019a58     libvcruntime:undname.obj
 0002:00000a68       ??_C@_09KFNFGKHF@__swift_2@ 0000000180019a68     libvcruntime:undname.obj
 0002:00000a78       ??_C@_07JOMMBBKO@__ptr64@  0000000180019a78     libvcruntime:undname.obj
 0002:00000a80       ??_C@_0L@PILCLIHE@__restrict@ 0000000180019a80     libvcruntime:undname.obj
 0002:00000a90       ??_C@_0M@GFIIJFMG@__unaligned@ 0000000180019a90     libvcruntime:undname.obj
 0002:00000aa0       ??_C@_09DHDLOLLB@restrict?$CI@ 0000000180019aa0     libvcruntime:undname.obj
 0002:00000aac       ??_C@_04NIHEBCM@?5new@     0000000180019aac     libvcruntime:undname.obj
 0002:00000ab8       ??_C@_07FPCDHGMM@?5delete@ 0000000180019ab8     libvcruntime:undname.obj
 0002:00000ac0       ??_C@_01NEMOKFLO@?$DN@     0000000180019ac0     libvcruntime:undname.obj
 0002:00000ac4       ??_C@_02GPIOPFAK@?$DO?$DO@ 0000000180019ac4     libvcruntime:undname.obj
 0002:00000ac8       ??_C@_02FODMEDOG@?$DM?$DM@ 0000000180019ac8     libvcruntime:undname.obj
 0002:00000acc       ??_C@_01DCLJPIOD@?$CB@     0000000180019acc     libvcruntime:undname.obj
 0002:00000ad0       ??_C@_02EGOFBIJA@?$DN?$DN@ 0000000180019ad0     libvcruntime:undname.obj
 0002:00000ad4       ??_C@_02FDNJECIE@?$CB?$DN@ 0000000180019ad4     libvcruntime:undname.obj
 0002:00000ad8       ??_C@_02GPECMEKF@?$FL?$FN@ 0000000180019ad8     libvcruntime:undname.obj
 0002:00000ae0       ??_C@_08LHJFAFGD@operator@ 0000000180019ae0     libvcruntime:undname.obj
 0002:00000aec       ??_C@_02HBOOOICD@?9?$DO@   0000000180019aec     libvcruntime:undname.obj
 0002:00000af0       ??_C@_01NBENCBCI@?$CK@     0000000180019af0     libvcruntime:undname.obj
 0002:00000af4       ??_C@_02ECNGHCIF@?$CL?$CL@ 0000000180019af4     libvcruntime:undname.obj
 0002:00000af8       ??_C@_02BAABKJLB@?9?9@     0000000180019af8     libvcruntime:undname.obj
 0002:00000afc       ??_C@_01JOAMLHOP@?9@       0000000180019afc     libvcruntime:undname.obj
 0002:00000b00       ??_C@_01MIFGBAGJ@?$CL@     0000000180019b00     libvcruntime:undname.obj
 0002:00000b04       ??_C@_01HNPIGOCE@?$CG@     0000000180019b04     libvcruntime:undname.obj
 0002:00000b08       ??_C@_03MNHNFDLC@?9?$DO?$CK@ 0000000180019b08     libvcruntime:undname.obj
 0002:00000b0c       ??_C@_01KMDKNFGN@?1@       0000000180019b0c     libvcruntime:undname.obj
 0002:00000b10       ??_C@_01FGNFDNOH@?$CF@     0000000180019b10     libvcruntime:undname.obj
 0002:00000b14       ??_C@_01MNNFJEPP@?$DM@     0000000180019b14     libvcruntime:undname.obj
 0002:00000b18       ??_C@_02EHCHHCKH@?$DM?$DN@ 0000000180019b18     libvcruntime:undname.obj
 0002:00000b1c       ??_C@_01PPODPGHN@?$DO@     0000000180019b1c     libvcruntime:undname.obj
 0002:00000b20       ??_C@_02EEKDKGMJ@?$DO?$DN@ 0000000180019b20     libvcruntime:undname.obj
 0002:00000b24       ??_C@_01IHBHIGKO@?0@       0000000180019b24     libvcruntime:undname.obj
 0002:00000b28       ??_C@_02HCKGKOFO@?$CI?$CJ@ 0000000180019b28     libvcruntime:undname.obj
 0002:00000b2c       ??_C@_01PJKLJHI@?$HO@      0000000180019b2c     libvcruntime:undname.obj
 0002:00000b30       ??_C@_01JKBOJNNK@?$FO@     0000000180019b30     libvcruntime:undname.obj
 0002:00000b34       ??_C@_01DNKMNLPK@?$HM@     0000000180019b34     libvcruntime:undname.obj
 0002:00000b38       ??_C@_02PPKAJPJL@?$CG?$CG@ 0000000180019b38     libvcruntime:undname.obj
 0002:00000b3c       ??_C@_02NONPIBCD@?$HM?$HM@ 0000000180019b3c     libvcruntime:undname.obj
 0002:00000b40       ??_C@_02FPIMKNGF@?$CK?$DN@ 0000000180019b40     libvcruntime:undname.obj
 0002:00000b44       ??_C@_02FOEOMHFC@?$CL?$DN@ 0000000180019b44     libvcruntime:undname.obj
 0002:00000b48       ??_C@_02FKMDLLOA@?9?$DN@   0000000180019b48     libvcruntime:undname.obj
 0002:00000b4c       ??_C@_02FJEHGPIO@?1?$DN@   0000000180019b4c     libvcruntime:undname.obj
 0002:00000b50       ??_C@_02FENAOKFI@?$CF?$DN@ 0000000180019b50     libvcruntime:undname.obj
 0002:00000b54       ??_C@_03IKFCCPFF@?$DO?$DO?$DN@ 0000000180019b54     libvcruntime:undname.obj
 0002:00000b58       ??_C@_03CDNPDDLA@?$DM?$DM?$DN@ 0000000180019b58     libvcruntime:undname.obj
 0002:00000b5c       ??_C@_02FGJGFEAB@?$CG?$DN@ 0000000180019b5c     libvcruntime:undname.obj
 0002:00000b60       ??_C@_02DHLNPPGH@?$HM?$DN@ 0000000180019b60     libvcruntime:undname.obj
 0002:00000b64       ??_C@_02MHEGNOJ@?$FO?$DN@  0000000180019b64     libvcruntime:undname.obj
 0002:00000b68       ??_C@_09IFPLHPGF@?$GAvftable?8@ 0000000180019b68     libvcruntime:undname.obj
 0002:00000b78       ??_C@_09BLBHBJP@?$GAvbtable?8@ 0000000180019b78     libvcruntime:undname.obj
 0002:00000b88       ??_C@_07FEEIOKP@?$GAvcall?8@ 0000000180019b88     libvcruntime:undname.obj
 0002:00000b90       ??_C@_08LLFFHHDJ@?$GAtypeof?8@ 0000000180019b90     libvcruntime:undname.obj
 0002:00000ba0       ??_C@_0BF@KDPPACIK@?$GAlocal?5static?5guard?8@ 0000000180019ba0     libvcruntime:undname.obj
 0002:00000bb8       ??_C@_08OBABFOLI@?$GAstring?8@ 0000000180019bb8     libvcruntime:undname.obj
 0002:00000bc8       ??_C@_0BD@JDLKDPAB@?$GAvbase?5destructor?8@ 0000000180019bc8     libvcruntime:undname.obj
 0002:00000be0       ??_C@_0BN@DEGPLNFK@?$GAvector?5deleting?5destructor?8@ 0000000180019be0     libvcruntime:undname.obj
 0002:00000c00       ??_C@_0BO@OBMKPJIG@?$GAdefault?5constructor?5closure?8@ 0000000180019c00     libvcruntime:undname.obj
 0002:00000c20       ??_C@_0BN@IMDCHIKM@?$GAscalar?5deleting?5destructor?8@ 0000000180019c20     libvcruntime:undname.obj
 0002:00000c40       ??_C@_0BO@PFGOCPJJ@?$GAvector?5constructor?5iterator?8@ 0000000180019c40     libvcruntime:undname.obj
 0002:00000c60       ??_C@_0BN@LFPFMEDL@?$GAvector?5destructor?5iterator?8@ 0000000180019c60     libvcruntime:undname.obj
 0002:00000c80       ??_C@_0CE@IKBNEHA@?$GAvector?5vbase?5constructor?5itera@ 0000000180019c80     libvcruntime:undname.obj
 0002:00000ca8       ??_C@_0BL@NILFHHPC@?$GAvirtual?5displacement?5map?8@ 0000000180019ca8     libvcruntime:undname.obj
 0002:00000cc8       ??_C@_0CB@JONCMFFK@?$GAeh?5vector?5constructor?5iterator@ 0000000180019cc8     libvcruntime:undname.obj
 0002:00000cf0       ??_C@_0CA@GCEOPDGL@?$GAeh?5vector?5destructor?5iterator?8@ 0000000180019cf0     libvcruntime:undname.obj
 0002:00000d10       ??_C@_0CH@OOJPLCPH@?$GAeh?5vector?5vbase?5constructor?5it@ 0000000180019d10     libvcruntime:undname.obj
 0002:00000d38       ??_C@_0BL@LLKPOHJI@?$GAcopy?5constructor?5closure?8@ 0000000180019d38     libvcruntime:undname.obj
 0002:00000d58       ??_C@_0BA@KBCDOMBN@?$GAudt?5returning?8@ 0000000180019d58     libvcruntime:undname.obj
 0002:00000d68       ??_C@_03KLGMFNMG@?$GAEH@   0000000180019d68     libvcruntime:undname.obj
 0002:00000d6c       ??_C@_05KHLCHHI@?$GARTTI@  0000000180019d6c     libvcruntime:undname.obj
 0002:00000d78       ??_C@_0BA@KKLDJDLB@?$GAlocal?5vftable?8@ 0000000180019d78     libvcruntime:undname.obj
[...]
 0004:000010ec       $pdata$__acrt_DownlevelLocaleNameToLCID 00000001801280ec     libucrt:lcidtoname_downlevel.obj
 0004:000010f8       $pdata$_fclose_nolock      00000001801280f8     libucrt:fclose.obj
 0004:00001104       $pdata$fclose              0000000180128104     libucrt:fclose.obj
 0004:00001110       $pdata$??$?RV<lambda_a37b2b86f63e897a80ea819b0eb08c01>@@AEAV<lambda_38ce7e780aa69e748d6df282ebc68efe>@@V<lambda_99fb1378e971ab6e7edea83e3a7a83a2>@@@?$__crt_seh_guarded_call@H@@QEAAH$$QEAV<lambda_a37b2b86f63e897a80ea819b0eb08c01>@@AEAV<lambda_38ce7e780aa69e748d6df282ebc68efe>@@$$QEAV<lambda_99fb1378e971ab6e7edea83e3a7a83a2>@@@Z 0000000180128110     libucrt:commit.obj
 0004:0000111c       $pdata$_commit             000000018012811c     libucrt:commit.obj
 0004:00001128       $pdata$?write_double_translated_ansi_nolock@@YA?AUwrite_result@?A0x17268360@@HQEBDI@Z 0000000180128128     libucrt:write.obj
 0004:00001134       $pdata$?write_text_ansi_nolock@@YA?AUwrite_result@?A0x17268360@@HQEBDI@Z 0000000180128134     libucrt:write.obj
 0004:00001140       $pdata$?write_text_utf16le_nolock@@YA?AUwrite_result@?A0x17268360@@HQEBDI@Z 0000000180128140     libucrt:write.obj
 0004:0000114c       $pdata$?write_text_utf8_nolock@@YA?AUwrite_result@?A0x17268360@@HQEBDI@Z 000000018012814c     libucrt:write.obj
 0004:00001158       $pdata$_write              0000000180128158     libucrt:write.obj
 0004:00001164       $pdata$_write_nolock       0000000180128164     libucrt:write.obj
 0004:00001170       $pdata$__acrt_lowio_create_handle_array 0000000180128170     libucrt:osfinfo.obj
 0004:0000117c       $pdata$__acrt_lowio_destroy_handle_array 000000018012817c     libucrt:osfinfo.obj
 0004:00001188       $pdata$__acrt_lowio_ensure_fh_exists 0000000180128188     libucrt:osfinfo.obj
 0004:00001194       $pdata$_free_osfhnd        0000000180128194     libucrt:osfinfo.obj
 0004:000011a0       $pdata$_get_osfhandle      00000001801281a0     libucrt:osfinfo.obj
 0004:000011ac       $pdata$_isleadbyte_l       00000001801281ac     libucrt:_wctype.obj
 0004:000011b8       $pdata$?__acrt_LCMapStringA_stat@@YAHPEAU__crt_locale_pointers@@PEB_WKPEBDHPEADHHH@Z 00000001801281b8     libucrt:lcmapstringa.obj
 0004:000011c4       $pdata$__acrt_LCMapStringA 00000001801281c4     libucrt:lcmapstringa.obj
 0004:000011d0       $pdata$?__mbrtowc_utf8@__crt_mbstring@@YA_KPEA_WPEBD_KPEAU_Mbstatet@@@Z 00000001801281d0     libucrt:mbrtowc.obj
 0004:000011dc       $pdata$?__mbsrtowcs_utf8@__crt_mbstring@@YA_KPEA_WPEAPEBD_KPEAU_Mbstatet@@@Z 00000001801281dc     libucrt:mbrtowc.obj
 0004:000011e8       $pdata$?__c32rtomb_utf8@__crt_mbstring@@YA_KPEAD_UPEAU_Mbstatet@@@Z 00000001801281e8     libucrt:c32rtomb.obj
 0004:000011f4       $pdata$__acrt_free_locale  00000001801281f4     libucrt:locale_refcounting.obj
 0004:00001200       $pdata$__acrt_locale_free_lc_time_if_unreferenced 0000000180128200     libucrt:locale_refcounting.obj
 0004:0000120c       $pdata$__acrt_release_locale_ref 000000018012820c     libucrt:locale_refcounting.obj
 0004:00001218       $pdata$__acrt_update_thread_locale_data 0000000180128218     libucrt:locale_refcounting.obj
 0004:00001224       $pdata$_updatetlocinfoEx_nolock 0000000180128224     libucrt:locale_refcounting.obj
 0004:00001230       $pdata$__acrt_fp_strflt_to_string 0000000180128230     libucrt:_fptostr.obj
 0004:0000123c       $pdata$?divide@__crt_strtox@@YA_KAEAUbig_integer@1@AEBU21@@Z 000000018012823c     libucrt:cfout.obj
 0004:00001248       $pdata$0$?divide@__crt_strtox@@YA_KAEAUbig_integer@1@AEBU21@@Z 0000000180128248     libucrt:cfout.obj
 0004:00001254       $pdata$1$?divide@__crt_strtox@@YA_KAEAUbig_integer@1@AEBU21@@Z 0000000180128254     libucrt:cfout.obj
 0004:00001260       $pdata$__acrt_fltout       0000000180128260     libucrt:cfout.obj
 0004:0000126c       $pdata$memcpy_s            000000018012826c     libucrt:cfout.obj
 0004:00001278       $pdata$??$write_buffer_nolock@D@@YA_NDV__crt_stdio_stream@@@Z 0000000180128278     libucrt:_flsbuf.obj
 0004:00001284       $pdata$?stream_is_at_end_of_file_nolock@@YA_NV__crt_stdio_stream@@@Z 0000000180128284     libucrt:_flsbuf.obj
 0004:00001290       $pdata$__acrt_stdio_flush_and_write_narrow_nolock 0000000180128290     libucrt:_flsbuf.obj
 0004:0000129c       $pdata$_isatty             000000018012829c     libucrt:isatty.obj
 0004:000012a8       $pdata$__acrt_locale_free_monetary 00000001801282a8     libucrt:initmon.obj
 0004:000012b4       $pdata$__acrt_locale_free_numeric 00000001801282b4     libucrt:initnum.obj
 0004:000012c0       $pdata$?free_crt_array_internal@@YAXQEAPEBX_K@Z 00000001801282c0     libucrt:inittime.obj
 0004:000012cc       $pdata$__acrt_locale_free_time 00000001801282cc     libucrt:inittime.obj
 0004:000012d8       $pdata$__acrt_GetStringTypeA 00000001801282d8     libucrt:getstringtypea.obj
 0004:000012e4       $pdata$qsort               00000001801282e4     libucrt:qsort.obj
 0004:000012f0       $pdata$4$qsort             00000001801282f0     libucrt:qsort.obj
 0004:000012fc       $pdata$5$qsort             00000001801282fc     libucrt:qsort.obj
 0004:00001308       $pdata$strncpy_s           0000000180128308     libucrt:strncpy_s.obj
 0004:00001314       $pdata$fallbackMethod      0000000180128314     libucrt:strpbrk.obj
 0004:00001320       $pdata$strpbrk             0000000180128320     libucrt:strpbrk.obj
 0004:0000132c       $pdata$_mbsdec_l           000000018012832c     libucrt:mbsdec.obj
 0004:00001338       $pdata$?initialize_multibyte@@YAHXZ 0000000180128338     libucrt:multibyte_initializer.obj
 0004:00001344       $pdata$_msize_base         0000000180128344     libucrt:msize.obj
 0004:00001350       $pdata$_realloc_base       0000000180128350     libucrt:realloc_base.obj
 0004:0000135c       $pdata$??$?RV<lambda_751a882b2c74d4b022dec766aa51a29a>@@AEAV<lambda_628dfdc04ba53c8bfc02c9951375f3f5>@@V<lambda_f6c7be5f7998530c34de24c7437d6b54>@@@?$__crt_seh_guarded_call@H@@QEAAH$$QEAV<lambda_751a882b2c74d4b022dec766aa51a29a>@@AEAV<lambda_628dfdc04ba53c8bfc02c9951375f3f5>@@$$QEAV<lambda_f6c7be5f7998530c34de24c7437d6b54>@@@Z 000000018012835c     libucrt:close.obj
 0004:00001368       $pdata$_close              0000000180128368     libucrt:close.obj
 0004:00001374       $pdata$_close_nolock       0000000180128374     libucrt:close.obj
 0004:00001380       $pdata$??$common_lseek@_J@@YA_JH_JH@Z 0000000180128380     libucrt:lseek.obj
 0004:0000138c       $pdata$??$common_lseek_nolock@_J@@YA_JH_JH@Z 000000018012838c     libucrt:lseek.obj
 0004:00001398       $pdata$_putwch_nolock      0000000180128398     libucrt:putwch.obj
 0004:000013a4       $pdata$?__mbrtoc32_utf8@__crt_mbstring@@YA_KPEA_UPEBD_KPEAU_Mbstatet@@@Z 00000001801283a4     libucrt:mbrtoc32.obj
 0004:000013b0       $pdata$fegetenv            00000001801283b0     libucrt:fegetenv.obj
 0004:000013bc       $pdata$fesetenv            00000001801283bc     libucrt:fesetenv.obj
 0004:000013c8       $pdata$feholdexcept        00000001801283c8     libucrt:feholdexcept.obj
 0004:000013e0       $pdata$__acrt_stdio_allocate_buffer_nolock 00000001801283e0     libucrt:_getbuf.obj
 0004:000013ec       $pdata$__dcrt_lowio_ensure_console_output_initialized 00000001801283ec     libucrt:initcon.obj
 0004:000013f8       $pdata$__dcrt_terminate_console_output 00000001801283f8     libucrt:initcon.obj
 0004:00001404       $pdata$__dcrt_write_console 0000000180128404     libucrt:initcon.obj
 0004:00001410       $pdata$__acrt_fenv_set_control 0000000180128410     libucrt:_fenvutils.obj
 0004:0000141c       $pdata$_clearfp            000000018012841c     libucrt:ieee.obj
 0004:00001428       $pdata$_call_matherr       0000000180128428     libucrt:libm_error.obj
 0004:00001434       $pdata$_exception_enabled  0000000180128434     libucrt:libm_error.obj
 0004:00001440       $pdata$_handle_error       0000000180128440     libucrt:libm_error.obj
 0004:0000144c       $pdata$__acrt_initialize_fma3 000000018012844c     libucrt:fma3_available.obj
 0004:00001458       $pdata$_log10_special      0000000180128458     libucrt:log_special.obj
 0004:00001464       $pdata$_log_special_common 0000000180128464     libucrt:log_special.obj
 0004:0000147c       $pdata$_raise_exc          000000018012847c     libucrt:fpexcept.obj
 0004:00001488       $pdata$_raise_exc_ex       0000000180128488     libucrt:fpexcept.obj
 0004:00001494       $pdata$_set_errno_from_matherr 0000000180128494     libucrt:fpexcept.obj
 0004:000014a0       $pdata$_clrfp              00000001801284a0     libucrt:fpctrl.obj
 0004:000014ac       $pdata$_ctrlfp             00000001801284ac     libucrt:fpctrl.obj
 0004:000014b8       $pdata$_set_statfp         00000001801284b8     libucrt:fpctrl.obj
 0004:000014c4       $pdata$_statfp             00000001801284c4     libucrt:fpctrl.obj
 0004:000014d0       $pdata$?DloadAcquireSectionWriteAccess@@YAXXZ 00000001801284d0     DelayImp:delayhlp.obj
 0004:000014dc       $pdata$?DloadGetSRWLockFunctionPointers@@YAEXZ 00000001801284dc     DelayImp:delayhlp.obj
 0004:000014e8       $pdata$?DloadMakePermanentImageCommit@@YAXPEAX_K@Z 00000001801284e8     DelayImp:delayhlp.obj
 0004:000014f4       $pdata$?DloadObtainSection@@YAPEAXPEAK0@Z 00000001801284f4     DelayImp:delayhlp.obj
 0004:00001500       $pdata$?DloadProtectSection@@YAXKPEAK@Z 0000000180128500     DelayImp:delayhlp.obj
 0004:0000150c       $pdata$?DloadReleaseSectionWriteAccess@@YAXXZ 000000018012850c     DelayImp:delayhlp.obj
 0004:00001518       $pdata$__delayLoadHelper2  0000000180128518     DelayImp:delayhlp.obj
 0004:00001524       $pdata$__GSHandlerCheck    0000000180128524     LIBCMT:gshandler.obj
 0004:00001530       $pdata$__GSHandlerCheckCommon 0000000180128530     LIBCMT:gshandler.obj
 0004:0000153c       $pdata$_IsNonwritableInCurrentImage 000000018012853c     LIBCMT:pesect.obj
 0004:00001554       $pdata$strrchr             0000000180128554     libvcruntime:strrchr.obj
 0004:0000156c       $pdata$__GSHandlerCheck_EH 000000018012856c     LIBCMT:gshandlereh.obj
 0004:00001584       $pdata$?dtor$0@?0??Utf8Value@String@Napi@@QEBA?AV?$basic_string@DU?$char_traits@D@std@@V?$allocator@D@2@@std@@XZ@4HA 0000000180128584     main.obj
 0004:00001590       $pdata$?catch$7@?0??Message@Error@Napi@@QEBAAEBV?$basic_string@DU?$char_traits@D@std@@V?$allocator@D@2@@std@@XZ@4HA 0000000180128590     main.obj
 0004:0000159c       $pdata$?catch$0@?0???$WrapCallback@V<lambda_8c7377a71108815b2eee34f099f4cb99>@@@details@Napi@@YAPEAUnapi_value__@@V<lambda_8c7377a71108815b2eee34f099f4cb99>@@@Z@4HA 000000018012859c     main.obj
 0004:000015a8       $pdata$?catch$1@?0???$WrapCallback@V<lambda_4b130013be4a466940e6fe08d32cda83>@@@details@Napi@@YAPEAUnapi_value__@@V<lambda_4b130013be4a466940e6fe08d32cda83>@@@Z@4HA 00000001801285a8     main.obj
 0004:000015b4       $pdata$__scrt_is_nonwritable_in_current_image$filt$0 00000001801285b4     LIBCMT:utility.obj
 0004:000015c0       $pdata$?fin$0@?0??dllmain_crt_process_attach@@YAHQEAUHINSTANCE__@@QEAX@Z@4HA 00000001801285c0     LIBCMT:dll_dllmain.obj
 0004:000015cc       $pdata$?fin$0@?0??dllmain_crt_process_detach@@YAH_N@Z@4HA 00000001801285cc     LIBCMT:dll_dllmain.obj
 0004:000015d8       $pdata$?filt$0@?0??dllmain_dispatch@@YAHQEAUHINSTANCE__@@KQEAX@Z@4HA 00000001801285d8     LIBCMT:dll_dllmain.obj
 0004:000015e4       $pdata$?filt$0@?0???$_CallSETranslator@V__FrameHandler3@@@@YAHPEAUEHExceptionRecord@@PEA_KPEAU_CONTEXT@@PEAU_xDISPATCHER_CONTEXT@@PEBU_s_FuncInfo@@K1@Z@4HA 00000001801285e4     libvcruntime:risctrnsctrl.obj
 0004:000015f0       $pdata$__DestructExceptionObject$filt$0 00000001801285f0     libvcruntime:ehhelpers.obj
 0004:000015fc       $pdata$?filt$0@?0??CxxCallCatchBlock@__FrameHandler3@@SAPEAXPEAU_EXCEPTION_RECORD@@@Z@4HA 00000001801285fc     libvcruntime:frame.obj
 0004:00001608       $pdata$?fin$1@?0??CxxCallCatchBlock@__FrameHandler3@@SAPEAXPEAU_EXCEPTION_RECORD@@@Z@4HA 0000000180128608     libvcruntime:frame.obj
 0004:00001614       $pdata$?filt$0@?0??FrameUnwindToState@__FrameHandler3@@SAXPEA_KPEAU_xDISPATCHER_CONTEXT@@PEBU_s_FuncInfo@@H@Z@4HA 0000000180128614     libvcruntime:frame.obj
 0004:00001620       $pdata$?fin$1@?0??FrameUnwindToState@__FrameHandler3@@SAXPEA_KPEAU_xDISPATCHER_CONTEXT@@PEBU_s_FuncInfo@@H@Z@4HA 0000000180128620     libvcruntime:frame.obj
 0004:0000162c       $pdata$?fin$0@?0???$?RV<lambda_842d9ff0dc9ef11c61343bbaebe7f885>@@AEAV<lambda_c5860995281e5c4ce005b3de8f5874ee>@@V<lambda_d90129c13df834fdcbf8d2b88dafcf2d>@@@?$__crt_seh_guarded_call@X@@QEAAX$$QEAV<lambda_842d9ff0dc9ef11c61343bbaebe7f885>@@AEAV<lambda_c5860995281e5c4ce005b3de8f5874ee>@@$$QEAV<lambda_d90129c13df834fdcbf8d2b88dafcf2d>@@@Z@4HA 000000018012862c     libucrt:fflush.obj
 0004:0000162c       $pdata$?fin$0@?0???$?RV<lambda_a62c933ada0517137acf5807a1eeac1f>@@AEAV<lambda_a31071773b9a94e445cbd5d04ef99106>@@V<lambda_56065050dbf3ada7e59a83db45153de3>@@@?$__crt_seh_guarded_call@H@@QEAAH$$QEAV<lambda_a62c933ada0517137acf5807a1eeac1f>@@AEAV<lambda_a31071773b9a94e445cbd5d04ef99106>@@$$QEAV<lambda_56065050dbf3ada7e59a83db45153de3>@@@Z@4HA 000000018012862c     libucrt:output.obj
 0004:00001638       $pdata$_query_new_handler$fin$0 0000000180128638     libucrt:new_handler.obj
 0004:00001644       $pdata$?fin$0@?0???$?RV<lambda_aa87e3671a710a21b5dc78c0bdf72e11>@@AEAV<lambda_92619d2358a28f41a33ba319515a20b9>@@V<lambda_6992ecaafeb10aed2b74cb1fae11a551>@@@?$__crt_seh_guarded_call@X@@QEAAX$$QEAV<lambda_aa87e3671a710a21b5dc78c0bdf72e11>@@AEAV<lambda_92619d2358a28f41a33ba319515a20b9>@@$$QEAV<lambda_6992ecaafeb10aed2b74cb1fae11a551>@@@Z@4HA 0000000180128644     libucrt:per_thread_data.obj
 0004:00001644       $pdata$?fin$0@?0???$?RV<lambda_f2e299630e499de9f9a165e60fcd3db5>@@AEAV<lambda_2ae9d31cdba2644fcbeaf08da7c24588>@@V<lambda_40d01ff24d0e7b3814fdbdcee8eab3c7>@@@?$__crt_seh_guarded_call@X@@QEAAX$$QEAV<lambda_f2e299630e499de9f9a165e60fcd3db5>@@AEAV<lambda_2ae9d31cdba2644fcbeaf08da7c24588>@@$$QEAV<lambda_40d01ff24d0e7b3814fdbdcee8eab3c7>@@@Z@4HA 0000000180128644     libucrt:per_thread_data.obj
 0004:00001644       $pdata$?fin$0@?0???$?RV<lambda_2d41944a1d46af3157314b8a01080d33>@@AEAV<lambda_8f455de75cd7d7f24b4096f044d8b9e6>@@V<lambda_aa500f224e6afead328df44964fe2772>@@@?$__crt_seh_guarded_call@X@@QEAAX$$QEAV<lambda_2d41944a1d46af3157314b8a01080d33>@@AEAV<lambda_8f455de75cd7d7f24b4096f044d8b9e6>@@$$QEAV<lambda_aa500f224e6afead328df44964fe2772>@@@Z@4HA 0000000180128644     libucrt:per_thread_data.obj
 0004:00001644       $pdata$?fin$0@?0???$?RV<lambda_d80eeec6fff315bfe5c115232f3240e3>@@AEAV<lambda_6e4b09c48022b2350581041d5f6b0c4c>@@V<lambda_2358e3775559c9db80273638284d5e45>@@@?$__crt_seh_guarded_call@X@@QEAAX$$QEAV<lambda_d80eeec6fff315bfe5c115232f3240e3>@@AEAV<lambda_6e4b09c48022b2350581041d5f6b0c4c>@@$$QEAV<lambda_2358e3775559c9db80273638284d5e45>@@@Z@4HA 0000000180128644     libucrt:exit.obj
 0004:00001644       $pdata$?fin$0@?0???$?RV<lambda_0ae27a3a962d80f24befdcbee591983d>@@AEAV<lambda_8d0ee55de4b1038c4002e0adecdf1839>@@V<lambda_dc504788e8f1664fe9b84e20bfb512f2>@@@?$__crt_seh_guarded_call@X@@QEAAX$$QEAV<lambda_0ae27a3a962d80f24befdcbee591983d>@@AEAV<lambda_8d0ee55de4b1038c4002e0adecdf1839>@@$$QEAV<lambda_dc504788e8f1664fe9b84e20bfb512f2>@@@Z@4HA 0000000180128644     libucrt:per_thread_data.obj
 0004:00001644       $pdata$?fin$0@?0???$?RV<lambda_7777bce6b2f8c936911f934f8298dc43>@@AEAV<lambda_f03950bc5685219e0bcd2087efbe011e>@@V<lambda_3883c3dff614d5e0c5f61bb1ac94921c>@@@?$__crt_seh_guarded_call@H@@QEAAH$$QEAV<lambda_7777bce6b2f8c936911f934f8298dc43>@@AEAV<lambda_f03950bc5685219e0bcd2087efbe011e>@@$$QEAV<lambda_3883c3dff614d5e0c5f61bb1ac94921c>@@@Z@4HA 0000000180128644     libucrt:onexit.obj
 0004:00001644       $pdata$?fin$0@?0???$?RV<lambda_638799b9deba96c50f710eeac98168cd>@@AEAV<lambda_22ebabd17bc4fa466a2aca6d8deb888d>@@V<lambda_a6f7d7db0129f75315ebf26d50c089f1>@@@?$__crt_seh_guarded_call@H@@QEAAH$$QEAV<lambda_638799b9deba96c50f710eeac98168cd>@@AEAV<lambda_22ebabd17bc4fa466a2aca6d8deb888d>@@$$QEAV<lambda_a6f7d7db0129f75315ebf26d50c089f1>@@@Z@4HA 0000000180128644     libucrt:onexit.obj
 0004:00001644       $pdata$?fin$0@?0???$?RV<lambda_efdfa57d1f175319df784efa44bb7b81>@@AEAV<lambda_5f0a4c1567f8adc6734073e5d1e1b35c>@@V<lambda_2e8a7d3640ea6ccb4c2413664c2db6fd>@@@?$__crt_seh_guarded_call@X@@QEAAX$$QEAV<lambda_efdfa57d1f175319df784efa44bb7b81>@@AEAV<lambda_5f0a4c1567f8adc6734073e5d1e1b35c>@@$$QEAV<lambda_2e8a7d3640ea6ccb4c2413664c2db6fd>@@@Z@4HA 0000000180128644     libucrt:mbctype.obj
 0004:00001644       $pdata$?fin$0@?0???$?RV<lambda_450d765d439847d4c735a33c368b5fc0>@@AEAV<lambda_44731a7d0e6d81c3e6aa82d741081786>@@V<lambda_601a2a7da3b7a96e9554ac7215c4b07c>@@@?$__crt_seh_guarded_call@P6AXH@Z@@QEAAP6AXH@Z$$QEAV<lambda_450d765d439847d4c735a33c368b5fc0>@@AEAV<lambda_44731a7d0e6d81c3e6aa82d741081786>@@$$QEAV<lambda_601a2a7da3b7a96e9554ac7215c4b07c>@@@Z@4HA 0000000180128644     libucrt:signal.obj
 0004:00001650       $pdata$?filt$0@?0???R<lambda_6e4b09c48022b2350581041d5f6b0c4c>@@QEBA@XZ@4HA 0000000180128650     libucrt:exit.obj
 0004:0000165c       $pdata$_fcloseall$fin$0    000000018012865c     libucrt:closeall.obj
 0004:00001668       $pdata$?fin$0@?0???$?RV<lambda_886d6c58226a84441f68b9f2b8217b83>@@AEAV<lambda_ab61a845afdef5b7c387490eaf3616ee>@@V<lambda_f7f22ab5edc0698d5f6905b0d3f44752>@@@?$__crt_seh_guarded_call@X@@QEAAX$$QEAV<lambda_886d6c58226a84441f68b9f2b8217b83>@@AEAV<lambda_ab61a845afdef5b7c387490eaf3616ee>@@$$QEAV<lambda_f7f22ab5edc0698d5f6905b0d3f44752>@@@Z@4HA 0000000180128668     libucrt:fflush.obj
 0004:00001674       $pdata$__acrt_lowio_ensure_fh_exists$fin$0 0000000180128674     libucrt:osfinfo.obj
 0004:00001674       $pdata$__acrt_initialize_lowio$fin$0 0000000180128674     libucrt:ioinit.obj
 0004:00001680       $pdata$?fin$0@?0???$?RV<lambda_410d79af7f07d98d83a3f525b3859a53>@@AEAV<lambda_3e16ef9562a7dcce91392c22ab16ea36>@@V<lambda_38119f0e861e05405d8a144b9b982f0a>@@@?$__crt_seh_guarded_call@X@@QEAAX$$QEAV<lambda_410d79af7f07d98d83a3f525b3859a53>@@AEAV<lambda_3e16ef9562a7dcce91392c22ab16ea36>@@$$QEAV<lambda_38119f0e861e05405d8a144b9b982f0a>@@@Z@4HA 0000000180128680     libucrt:wsetlocale.obj
 0004:0000168c       $pdata$?fin$0@?0??update_thread_multibyte_data_internal@@YAPEAU__crt_multibyte_data@@QEAU__acrt_ptd@@QEAPEAU1@@Z@4HA 000000018012868c     libucrt:mbctype.obj
 0004:00001698       $pdata$raise$fin$0         0000000180128698     libucrt:signal.obj
 0004:000016a4       $pdata$fclose$fin$0        00000001801286a4     libucrt:fclose.obj
 0004:000016b0       $pdata$?fin$0@?0???$?RV<lambda_751a882b2c74d4b022dec766aa51a29a>@@AEAV<lambda_628dfdc04ba53c8bfc02c9951375f3f5>@@V<lambda_f6c7be5f7998530c34de24c7437d6b54>@@@?$__crt_seh_guarded_call@H@@QEAAH$$QEAV<lambda_751a882b2c74d4b022dec766aa51a29a>@@AEAV<lambda_628dfdc04ba53c8bfc02c9951375f3f5>@@$$QEAV<lambda_f6c7be5f7998530c34de24c7437d6b54>@@@Z@4HA 00000001801286b0     libucrt:close.obj
 0004:000016b0       $pdata$?fin$0@?0???$?RV<lambda_a37b2b86f63e897a80ea819b0eb08c01>@@AEAV<lambda_38ce7e780aa69e748d6df282ebc68efe>@@V<lambda_99fb1378e971ab6e7edea83e3a7a83a2>@@@?$__crt_seh_guarded_call@H@@QEAAH$$QEAV<lambda_a37b2b86f63e897a80ea819b0eb08c01>@@AEAV<lambda_38ce7e780aa69e748d6df282ebc68efe>@@$$QEAV<lambda_99fb1378e971ab6e7edea83e3a7a83a2>@@@Z@4HA 00000001801286b0     libucrt:commit.obj
 0004:000016bc       $pdata$?fin$0@?0???$common_lseek@_J@@YA_JH_JH@Z@4HA 00000001801286bc     libucrt:lseek.obj
 0004:000016bc       $pdata$_write$fin$0        00000001801286bc     libucrt:write.obj
 0004:000016c8       $pdata$__acrt_update_thread_locale_data$fin$0 00000001801286c8     libucrt:locale_refcounting.obj
 0004:000016d4       $pdata$_ctrlfp$filt$0      00000001801286d4     libucrt:fpctrl.obj
 0004:000016e0       $pdata$_IsNonwritableInCurrentImage$filt$0 00000001801286e0     LIBCMT:pesect.obj
 0005:00000060       $R000000                   0000000180129060     * linker generated manifest res *

 Exports

  ordinal    name

        1    _register_node_center_client_
